 cam_scribble

 Timestamp is 58650803 (Thu Dec 29 17:56:35 2016)

 Preferred load address is 0000000180000000

 Start         Length     Name                   Class
 0001:00000000 000001a0H .text$di                CODE
 0001:000001a0 0002c6f0H .text$mn                CODE
 0001:0002c890 00000020H .text$mn$00             CODE
 0001:0002c8b0 00002450H .text$x                 CODE
 0001:0002ed00 000001d4H .text$yd                CODE
 0002:00000000 00000628H .idata$5                DATA
 0002:00000628 00000010H .00cfg                  DATA
 0002:00000638 00000008H .CRT$XCA                DATA
 0002:00000640 00000038H .CRT$XCC                DATA
 0002:00000678 00000010H .CRT$XCL                DATA
 0002:00000688 00000020H .CRT$XCU                DATA
 0002:000006a8 00000008H .CRT$XCZ                DATA
 0002:000006b0 00000008H .CRT$XIA                DATA
 0002:000006b8 00000030H .CRT$XIC                DATA
 0002:000006e8 00000008H .CRT$XIZ                DATA
 0002:000006f0 00000008H .CRT$XLA                DATA
 0002:000006f8 00000008H .CRT$XLZ                DATA
 0002:00000700 00000008H .CRT$XPA                DATA
 0002:00000708 00000010H .CRT$XPX                DATA
 0002:00000718 00000008H .CRT$XPXA               DATA
 0002:00000720 00000008H .CRT$XPZ                DATA
 0002:00000728 00000008H .CRT$XTA                DATA
 0002:00000730 00000010H .CRT$XTZ                DATA
 0002:00000740 00011e18H .rdata                  DATA
 0002:00012558 00000028H .rdata$T                DATA
 0002:00012580 00000fe4H .rdata$r                DATA
 0002:00013564 0000044cH .rdata$zzzdbg           DATA
 0002:000139b0 00000008H .rtc$IAA                DATA
 0002:000139b8 00000008H .rtc$IZZ                DATA
 0002:000139c0 00000008H .rtc$TAA                DATA
 0002:000139c8 00000008H .rtc$TZZ                DATA
 0002:000139d0 00004fa0H .xdata                  DATA
 0002:00018970 000002b0H .xdata$x                DATA
 0002:00018c20 0000005cH .edata                  DATA
 0002:00018c7c 00000064H .idata$2                DATA
 0002:00018ce0 00000018H .idata$3                DATA
 0002:00018cf8 00000628H .idata$4                DATA
 0002:00019320 00001f7eH .idata$6                DATA
 0003:00000000 00000b90H .data                   DATA
 0003:00000b90 000005c0H .data$r                 DATA
 0003:00001150 0000197cH .bss                    DATA
 0004:00000000 000029c4H .pdata                  DATA
 0005:00000000 000000b8H .gfids$x                DATA
 0005:000000b8 00000224H .gfids$y                DATA
 0006:00000000 00000004H .tls                    DATA
 0006:00000004 00000004H .tls$                   DATA
 0006:00000008 00000001H .tls$ZZZ                DATA
 0007:00000000 00000060H .rsrc$01                DATA
 0007:00000060 00000180H .rsrc$02                DATA

  Address         Publics by Value              Rva+Base               Lib:Object

 0000:00000000       __guard_iat_count          0000000000000000     <absolute>
 0000:00000000       __dynamic_value_reloc_table 0000000000000000     <absolute>
 0000:00000000       __guard_iat_table          0000000000000000     <absolute>
 0000:00000000       __guard_longjmp_table      0000000000000000     <absolute>
 0000:00000000       __guard_longjmp_count      0000000000000000     <absolute>
 0000:00000000       __guard_fids_count         0000000000000000     <absolute>
 0000:00000000       ___safe_se_handler_table   0000000000000000     <absolute>
 0000:00000000       ___safe_se_handler_count   0000000000000000     <absolute>
 0000:00000000       __guard_fids_table         0000000000000000     <absolute>
 0000:00000100       __guard_flags              0000000000000100     <absolute>
 0000:00000000       __ImageBase                0000000180000000     <linker-defined>
 0001:000001a0       __local_stdio_printf_options 00000001800011a0 f i init.obj
 0001:000001b0       ??1exception@stdext@@UEAA@XZ 00000001800011b0 f i init.obj
 0001:000001c0       ?what@exception@stdext@@UEBAPEBDXZ 00000001800011c0 f i init.obj
 0001:000001e0       ?_Raise@exception@stdext@@QEBAXXZ 00000001800011e0 f i init.obj
 0001:00000220       _guard_check_icall_nop     0000000180001220 f i LIBCMT:guard_support.obj
 0001:00000220       ?imbue@?$basic_streambuf@DU?$char_traits@D@std@@@std@@MEAAXAEBVlocale@2@@Z 0000000180001220 f i libcpmt:cout.obj
 0001:00000220       __except_validate_context_record 0000000180001220 f i libvcruntime:jbcxrval.obj
 0001:00000220       ?_Unlock@?$basic_streambuf@DU?$char_traits@D@std@@@std@@UEAAXXZ 0000000180001220 f i libcpmt:cout.obj
 0001:00000220       ?_Doraise@exception@stdext@@MEBAXXZ 0000000180001220 f i init.obj
 0001:00000220       ?_Lock@?$basic_streambuf@DU?$char_traits@D@std@@@std@@UEAAXXZ 0000000180001220 f i libcpmt:cout.obj
 0001:00000220       ??3@YAXPEAX0@Z             0000000180001220 f i BigCanvas.obj
 0001:00000230       ??_Eexception@stdext@@UEAAPEAXI@Z 0000000180001230 f i * CIL library *:* CIL module *
 0001:00000230       ??_Gexception@stdext@@UEAAPEAXI@Z 0000000180001230 f i init.obj
 0001:00000260       ?_Deallocate@std@@YAXPEAX_K1@Z 0000000180001260 f i init.obj
 0001:000002d0       ??_Gruntime_error@std@@UEAAPEAXI@Z 00000001800012d0 f i init.obj
 0001:000002d0       ??_Eruntime_error@std@@UEAAPEAXI@Z 00000001800012d0 f i * CIL library *:* CIL module *
 0001:00000310       ??1runtime_error@std@@UEAA@XZ 0000000180001310 f i init.obj
 0001:00000330       ??0_Locinfo@std@@QEAA@PEBD@Z 0000000180001330 f i init.obj
 0001:000003e0       ??1_Locinfo@std@@QEAA@XZ   00000001800013e0 f i init.obj
 0001:00000490       ??1_Facet_base@std@@UEAA@XZ 0000000180001490 f i init.obj
 0001:000004a0       ??_G_Facet_base@std@@UEAAPEAXI@Z 00000001800014a0 f i init.obj
 0001:000004a0       ??_E_Facet_base@std@@UEAAPEAXI@Z 00000001800014a0 f i * CIL library *:* CIL module *
 0001:000004d0       ?_Incref@facet@locale@std@@UEAAXXZ 00000001800014d0 f i init.obj
 0001:000004e0       ?_Decref@facet@locale@std@@UEAAPEAV_Facet_base@3@XZ 00000001800014e0 f i init.obj
 0001:000004f0       ??1facet@locale@std@@MEAA@XZ 00000001800014f0 f i init.obj
 0001:00000520       ??1locale@std@@QEAA@XZ     0000000180001520 f i init.obj
 0001:00000550       ??_Gfacet@locale@std@@MEAAPEAXI@Z 0000000180001550 f i init.obj
 0001:00000550       ??_Efacet@locale@std@@MEAAPEAXI@Z 0000000180001550 f i * CIL library *:* CIL module *
 0001:000005a0       ??1ctype_base@std@@UEAA@XZ 00000001800015a0 f i init.obj
 0001:000005e0       ??_Gctype_base@std@@UEAAPEAXI@Z 00000001800015e0 f i init.obj
 0001:000005e0       ??_Ectype_base@std@@UEAAPEAXI@Z 00000001800015e0 f i * CIL library *:* CIL module *
 0001:00000630       ?_Getcat@?$ctype@D@std@@SA_KPEAPEBVfacet@locale@2@PEBV42@@Z 0000000180001630 f i init.obj
 0001:000007a0       ?do_tolower@?$ctype@D@std@@MEBADD@Z 00000001800017a0 f i init.obj
 0001:000007b0       ?do_tolower@?$ctype@D@std@@MEBAPEBDPEADPEBD@Z 00000001800017b0 f i init.obj
 0001:00000810       ?do_toupper@?$ctype@D@std@@MEBADD@Z 0000000180001810 f i init.obj
 0001:00000820       ?do_toupper@?$ctype@D@std@@MEBAPEBDPEADPEBD@Z 0000000180001820 f i init.obj
 0001:00000880       ?do_narrow@?$ctype@D@std@@MEBADDD@Z 0000000180001880 f i init.obj
 0001:00000880       ?do_widen@?$ctype@D@std@@MEBADD@Z 0000000180001880 f i init.obj
 0001:00000890       ?do_widen@?$ctype@D@std@@MEBAPEBDPEBD0PEAD@Z 0000000180001890 f i init.obj
 0001:000008b0       ?do_narrow@?$ctype@D@std@@MEBAPEBDPEBD0DPEAD@Z 00000001800018b0 f i init.obj
 0001:000008d0       ??_G?$ctype@D@std@@MEAAPEAXI@Z 00000001800018d0 f i init.obj
 0001:000008d0       ??_E?$ctype@D@std@@MEAAPEAXI@Z 00000001800018d0 f i * CIL library *:* CIL module *
 0001:00000960       ??1error_category@std@@UEAA@XZ 0000000180001960 f i init.obj
 0001:00000970       ??_Eerror_category@std@@UEAAPEAXI@Z 0000000180001970 f i * CIL library *:* CIL module *
 0001:00000970       ??_Gerror_category@std@@UEAAPEAXI@Z 0000000180001970 f i init.obj
 0001:000009a0       ?message@error_code@std@@QEBA?AV?$basic_string@DU?$char_traits@D@std@@V?$allocator@D@2@@2@XZ 00000001800019a0 f i init.obj
 0001:000009f0       ?default_error_condition@error_category@std@@UEBA?AVerror_condition@2@H@Z 00000001800019f0 f i init.obj
 0001:00000a00       ?equivalent@error_category@std@@UEBA_NHAEBVerror_condition@2@@Z 0000000180001a00 f i init.obj
 0001:00000a60       ?equivalent@error_category@std@@UEBA_NAEBVerror_code@2@H@Z 0000000180001a60 f i init.obj
 0001:00000a80       ?_Makestr@_System_error@std@@CA?AV?$basic_string@DU?$char_traits@D@std@@V?$allocator@D@2@@2@Verror_code@2@V32@@Z 0000000180001a80 f i init.obj
 0001:00000ba0       ??0_System_error@std@@IEAA@Verror_code@1@AEBV?$basic_string@DU?$char_traits@D@std@@V?$allocator@D@2@@1@@Z 0000000180001ba0 f i init.obj
 0001:00000d00       ??_E_System_error@std@@UEAAPEAXI@Z 0000000180001d00 f i * CIL library *:* CIL module *
 0001:00000d00       ??_G_System_error@std@@UEAAPEAXI@Z 0000000180001d00 f i init.obj
 0001:00000d40       ??1_System_error@std@@UEAA@XZ 0000000180001d40 f i init.obj
 0001:00000d60       ??_Gsystem_error@std@@UEAAPEAXI@Z 0000000180001d60 f i init.obj
 0001:00000d60       ??_Esystem_error@std@@UEAAPEAXI@Z 0000000180001d60 f i * CIL library *:* CIL module *
 0001:00000da0       ??1system_error@std@@UEAA@XZ 0000000180001da0 f i init.obj
 0001:00000dc0       ?name@_Generic_error_category@std@@UEBAPEBDXZ 0000000180001dc0 f i init.obj
 0001:00000dd0       ?message@_Generic_error_category@std@@UEBA?AV?$basic_string@DU?$char_traits@D@std@@V?$allocator@D@2@@2@H@Z 0000000180001dd0 f i init.obj
 0001:00000e40       ??_E_Generic_error_category@std@@UEAAPEAXI@Z 0000000180001e40 f i * CIL library *:* CIL module *
 0001:00000e40       ??_G_Generic_error_category@std@@UEAAPEAXI@Z 0000000180001e40 f i init.obj
 0001:00000e80       ??1_Generic_error_category@std@@UEAA@XZ 0000000180001e80 f i init.obj
 0001:00000ea0       ?name@_Iostream_error_category@std@@UEBAPEBDXZ 0000000180001ea0 f i init.obj
 0001:00000eb0       ?message@_Iostream_error_category@std@@UEBA?AV?$basic_string@DU?$char_traits@D@std@@V?$allocator@D@2@@2@H@Z 0000000180001eb0 f i init.obj
 0001:00000f10       ??_E_Iostream_error_category@std@@UEAAPEAXI@Z 0000000180001f10 f i * CIL library *:* CIL module *
 0001:00000f10       ??_G_Iostream_error_category@std@@UEAAPEAXI@Z 0000000180001f10 f i init.obj
 0001:00000f50       ?clear@ios_base@std@@QEAAXH_N@Z 0000000180001f50 f i init.obj
 0001:00001260       ?getloc@ios_base@std@@QEBA?AVlocale@2@XZ 0000000180002260 f i init.obj
 0001:000012b0       ??_Efailure@ios_base@std@@UEAAPEAXI@Z 00000001800022b0 f i * CIL library *:* CIL module *
 0001:000012b0       ??_Gfailure@ios_base@std@@UEAAPEAXI@Z 00000001800022b0 f i init.obj
 0001:000012f0       ??1failure@ios_base@std@@UEAA@XZ 00000001800022f0 f i init.obj
 0001:00001310       ??1HandleScope@Nan@@QEAA@XZ 0000000180002310 f i init.obj
 0001:00001330       init                       0000000180002330 f   init.obj
 0001:000013a0       ??1?$_Yarn@D@std@@QEAA@XZ  00000001800023a0 f i init.obj
 0001:000013a0       ??1?$_Yarn@_W@std@@QEAA@XZ 00000001800023a0 f i init.obj
 0001:000013d0       ??1?$basic_string@DU?$char_traits@D@std@@V?$allocator@D@2@@std@@QEAA@XZ 00000001800023d0 f i init.obj
 0001:00001460       ??0?$basic_string@DU?$char_traits@D@std@@V?$allocator@D@2@@std@@QEAA@$$QEAV01@@Z 0000000180002460 f i init.obj
 0001:00001500       ??1sentry@?$basic_ostream@DU?$char_traits@D@std@@@std@@QEAA@XZ 0000000180002500 f i init.obj
 0001:00001590       ??0sentry@?$basic_ostream@DU?$char_traits@D@std@@@std@@QEAA@AEAV12@@Z 0000000180002590 f i init.obj
 0001:00001610       ?assign@?$basic_string@DU?$char_traits@D@std@@V?$allocator@D@2@@std@@QEAAAEAV12@PEBD_K@Z 0000000180002610 f i init.obj
 0001:00001740       ?assign@?$basic_string@DU?$char_traits@D@std@@V?$allocator@D@2@@std@@QEAAAEAV12@AEBV12@_K1@Z 0000000180002740 f i init.obj
 0001:00001870       ?append@?$basic_string@DU?$char_traits@D@std@@V?$allocator@D@2@@std@@QEAAAEAV12@PEBD_K@Z 0000000180002870 f i init.obj
 0001:000019c0       ?append@?$basic_string@DU?$char_traits@D@std@@V?$allocator@D@2@@std@@QEAAAEAV12@AEBV12@_K1@Z 00000001800029c0 f i init.obj
 0001:00001af0       ??1_Sentry_base@?$basic_ostream@DU?$char_traits@D@std@@@std@@QEAA@XZ 0000000180002af0 f i init.obj
 0001:00001b10       ?erase@?$basic_string@DU?$char_traits@D@std@@V?$allocator@D@2@@std@@QEAAAEAV12@_K0@Z 0000000180002b10 f i init.obj
 0001:00001be0       ?append@?$basic_string@DU?$char_traits@D@std@@V?$allocator@D@2@@std@@QEAAAEAV12@_KD@Z 0000000180002be0 f i init.obj
 0001:00001cf0       ?flush@?$basic_ostream@DU?$char_traits@D@std@@@std@@QEAAAEAV12@XZ 0000000180002cf0 f i init.obj
 0001:00001df0       ?_Copy@?$basic_string@DU?$char_traits@D@std@@V?$allocator@D@2@@std@@QEAAX_K0@Z 0000000180002df0 f i init.obj
 0001:00001f70       ??$use_facet@V?$ctype@D@std@@@std@@YAAEBV?$ctype@D@0@AEBVlocale@0@@Z 0000000180002f70 f i init.obj
 0001:000020b0       ??$_Immortalize@V_Iostream_error_category@std@@@std@@YAAEAV_Iostream_error_category@0@XZ 00000001800030b0 f i init.obj
 0001:00002180       ??$?6U?$char_traits@D@std@@@std@@YAAEAV?$basic_ostream@DU?$char_traits@D@std@@@0@AEAV10@PEBD@Z 0000000180003180 f i init.obj
 0001:00002400       ??0Mat@cv@@QEAA@XZ         0000000180003400 f i VideoCaptureWrap.obj
 0001:00002450       ??1Mat@cv@@QEAA@XZ         0000000180003450 f i VideoCaptureWrap.obj
 0001:000024e0       ?release@Mat@cv@@QEAAXXZ   00000001800034e0 f i VideoCaptureWrap.obj
 0001:00002620       ?New@?$Factory@VFunctionTemplate@v8@@@imp@Nan@@SA?AV?$Local@VFunctionTemplate@v8@@@v8@@P6AXAEBV?$FunctionCallbackInfo@VValue@v8@@@3@@ZV?$Local@VValue@v8@@@5@V?$Local@VSignature@v8@@@5@@Z 0000000180003620 f i VideoCaptureWrap.obj
 0001:000027c0       ?ThrowError@Nan@@YAXPEBD@Z 00000001800037c0 f i VideoCaptureWrap.obj
 0001:00002860       ?ThrowTypeError@Nan@@YAXPEBD@Z 0000000180003860 f i VideoCaptureWrap.obj
 0001:00002900       ??0Utf8String@Nan@@QEAA@V?$Local@VValue@v8@@@v8@@@Z 0000000180003900 f i VideoCaptureWrap.obj
 0001:000029f0       ??1Utf8String@Nan@@QEAA@XZ 00000001800039f0 f i VideoCaptureWrap.obj
 0001:00002a20       ??1?$Persistent@VObject@v8@@V?$NonCopyablePersistentTraits@VObject@v8@@@2@@Nan@@QEAA@XZ 0000000180003a20 f i VideoCaptureWrap.obj
 0001:00002a20       ??1?$Persistent@VFunction@v8@@V?$NonCopyablePersistentTraits@VFunction@v8@@@2@@Nan@@QEAA@XZ 0000000180003a20 f i CamScribbleWrap.obj
 0001:00002a40       ?SetPrototypeMethod@Nan@@YAXV?$Local@VFunctionTemplate@v8@@@v8@@PEBDP6AXAEBV?$FunctionCallbackInfo@VValue@v8@@@1@@Z@Z 0000000180003a40 f i VideoCaptureWrap.obj
 0001:00002b50       ??1ObjectWrap@Nan@@UEAA@XZ 0000000180003b50 f i VideoCaptureWrap.obj
 0001:00002bd0       ?Wrap@ObjectWrap@Nan@@IEAAXV?$Local@VObject@v8@@@v8@@@Z 0000000180003bd0 f i VideoCaptureWrap.obj
 0001:00002cb0       ?Ref@ObjectWrap@Nan@@MEAAXXZ 0000000180003cb0 f i VideoCaptureWrap.obj
 0001:00002cf0       ?Unref@ObjectWrap@Nan@@MEAAXXZ 0000000180003cf0 f i VideoCaptureWrap.obj
 0001:00002da0       ?WeakCallback@ObjectWrap@Nan@@CAXAEBV?$WeakCallbackInfo@VObjectWrap@Nan@@@v8@@@Z 0000000180003da0 f i VideoCaptureWrap.obj
 0001:00002e30       ??_EObjectWrap@Nan@@UEAAPEAXI@Z 0000000180003e30 f i * CIL library *:* CIL module *
 0001:00002e30       ??_GObjectWrap@Nan@@UEAAPEAXI@Z 0000000180003e30 f i VideoCaptureWrap.obj
 0001:00002e70       ?Init@VideoCaptureWrap@@SAXV?$Local@VObject@v8@@@v8@@@Z 0000000180003e70 f   VideoCaptureWrap.obj
 0001:00003010       ?New@VideoCaptureWrap@@SAXAEBV?$FunctionCallbackInfo@VValue@v8@@@Nan@@@Z 0000000180004010 f   VideoCaptureWrap.obj
 0001:000032a0       ??0VideoCaptureWrap@@QEAA@H@Z 00000001800042a0 f   VideoCaptureWrap.obj
 0001:00003390       ??_GVideoCaptureWrap@@UEAAPEAXI@Z 0000000180004390 f i VideoCaptureWrap.obj
 0001:00003390       ??_EVideoCaptureWrap@@UEAAPEAXI@Z 0000000180004390 f i * CIL library *:* CIL module *
 0001:000033f0       ??0VideoCaptureWrap@@QEAA@AEBV?$basic_string@DU?$char_traits@D@std@@V?$allocator@D@2@@std@@@Z 00000001800043f0 f   VideoCaptureWrap.obj
 0001:000034e0       ?Release@VideoCaptureWrap@@SAXAEBV?$FunctionCallbackInfo@VValue@v8@@@Nan@@@Z 00000001800044e0 f   VideoCaptureWrap.obj
 0001:00003540       ?Read@VideoCaptureWrap@@SAXAEBV?$FunctionCallbackInfo@VValue@v8@@@Nan@@@Z 0000000180004540 f   VideoCaptureWrap.obj
 0001:000037d0       ?ReadIntoBuffer@VideoCaptureWrap@@SAXAEBV?$FunctionCallbackInfo@VValue@v8@@@Nan@@@Z 00000001800047d0 f   VideoCaptureWrap.obj
 0001:000038f0       ??1?$Persistent@VFunction@v8@@V?$NonCopyablePersistentTraits@VFunction@v8@@@2@@v8@@QEAA@XZ 00000001800048f0 f i CamScribbleWrap.obj
 0001:000038f0       ??1?$Persistent@VFunctionTemplate@v8@@V?$NonCopyablePersistentTraits@VFunctionTemplate@v8@@@2@@v8@@QEAA@XZ 00000001800048f0 f i VideoCaptureWrap.obj
 0001:000038f0       ??1?$Persistent@VObject@v8@@V?$NonCopyablePersistentTraits@VObject@v8@@@2@@v8@@QEAA@XZ 00000001800048f0 f i VideoCaptureWrap.obj
 0001:00003910       ??$Unwrap@VCamScribbleWrap@@@ObjectWrap@Nan@@SAPEAVCamScribbleWrap@@V?$Local@VObject@v8@@@v8@@@Z 0000000180004910 f i CamScribbleWrap.obj
 0001:00003910       ??$Unwrap@VMatrix@@@ObjectWrap@Nan@@SAPEAVMatrix@@V?$Local@VObject@v8@@@v8@@@Z 0000000180004910 f i CamScribbleWrap.obj
 0001:00003910       ??$Unwrap@VVideoCaptureWrap@@@ObjectWrap@Nan@@SAPEAVVideoCaptureWrap@@V?$Local@VObject@v8@@@v8@@@Z 0000000180004910 f i VideoCaptureWrap.obj
 0001:00003990       ??0Mat@cv@@QEAA@AEBV01@@Z  0000000180004990 f i BigCanvas.obj
 0001:00003a70       ??4Mat@cv@@QEAAAEAV01@AEBV01@@Z 0000000180004a70 f i BigCanvas.obj
 0001:00003b30       ??RMat@cv@@QEBA?AV01@AEBV?$Rect_@H@1@@Z 0000000180004b30 f i BigCanvas.obj
 0001:00003b70       ??0BigCanvas@@QEAA@XZ      0000000180004b70 f   BigCanvas.obj
 0001:00003f80       ??_EBigCanvas@@UEAAPEAXI@Z 0000000180004f80 f i * CIL library *:* CIL module *
 0001:00003f80       ??_GBigCanvas@@UEAAPEAXI@Z 0000000180004f80 f i BigCanvas.obj
 0001:00003fc0       ??1RetinaFilter@@QEAA@XZ   0000000180004fc0 f i BigCanvas.obj
 0001:00004010       ??1PerspectiveCorrection@@QEAA@XZ 0000000180005010 f i BigCanvas.obj
 0001:00004030       ??1RunningAverage@@QEAA@XZ 0000000180005030 f i BigCanvas.obj
 0001:00004050       ??0BigCanvas@@QEAA@V?$Size_@H@cv@@V?$Scalar_@N@2@V?$vector@V?$Point_@M@cv@@V?$allocator@V?$Point_@M@cv@@@std@@@std@@@Z 0000000180005050 f   BigCanvas.obj
 0001:000046f0       ??4RetinaFilter@@QEAAAEAV0@AEBV0@@Z 00000001800056f0 f i CamScribbleWrap.obj
 0001:000046f0       ??4RetinaFilter@@QEAAAEAV0@$$QEAV0@@Z 00000001800056f0 f i BigCanvas.obj
 0001:000047b0       ??1BigCanvas@@UEAA@XZ      00000001800057b0 f   BigCanvas.obj
 0001:000048a0       ?mergeIntoBGR@@YAXAEBVMat@cv@@00AEAV12@@Z 00000001800058a0 f i BigCanvas.obj
 0001:00004b80       ?getSmallCanvas@BigCanvas@@QEAAXAEBVMat@cv@@AEAV23@@Z 0000000180005b80 f   BigCanvas.obj
 0001:00004c00       ?getFrame@BigCanvas@@QEAAXAEBVMat@cv@@AEAV23@@Z 0000000180005c00 f   BigCanvas.obj
 0001:000052a0       ??1MatExpr@cv@@QEAA@XZ     00000001800062a0 f i BigCanvas.obj
 0001:000052e0       ?clear@BigCanvas@@QEAAXXZ  00000001800062e0 f   BigCanvas.obj
 0001:000055e0       ?lock@BigCanvas@@QEAAXXZ   00000001800065e0 f   BigCanvas.obj
 0001:00005d30       ?undo@BigCanvas@@QEAAXXZ   0000000180006d30 f   BigCanvas.obj
 0001:00005db0       ?redo@BigCanvas@@QEAAXXZ   0000000180006db0 f   BigCanvas.obj
 0001:00005e30       ?exportAsImage@BigCanvas@@QEAAXV?$basic_string@DU?$char_traits@D@std@@V?$allocator@D@2@@std@@@Z 0000000180006e30 f   BigCanvas.obj
 0001:00006010       ?setWidth@BigCanvas@@QEAAXM@Z 0000000180007010 f   BigCanvas.obj
 0001:00006090       ?setHeight@BigCanvas@@QEAAXM@Z 0000000180007090 f   BigCanvas.obj
 0001:00006110       ?setPerspective@BigCanvas@@QEAAXV?$vector@V?$Point_@M@cv@@V?$allocator@V?$Point_@M@cv@@@std@@@std@@@Z 0000000180007110 f   BigCanvas.obj
 0001:000061a0       ??1?$vector@V?$Point_@M@cv@@V?$allocator@V?$Point_@M@cv@@@std@@@std@@QEAA@XZ 00000001800071a0 f i BigCanvas.obj
 0001:000061b0       ??0?$vector@V?$Point_@M@cv@@V?$allocator@V?$Point_@M@cv@@@std@@@std@@QEAA@AEBV01@@Z 00000001800071b0 f i BigCanvas.obj
 0001:00006280       ??1?$vector@HV?$allocator@H@std@@@std@@QEAA@XZ 0000000180007280 f i BigCanvas.obj
 0001:00006290       ?push_back@?$vector@VMat@cv@@V?$allocator@VMat@cv@@@std@@@std@@QEAAXAEBVMat@cv@@@Z 0000000180007290 f i BigCanvas.obj
 0001:00006350       ??1?$vector@VMat@cv@@V?$allocator@VMat@cv@@@std@@@std@@QEAA@XZ 0000000180007350 f i BigCanvas.obj
 0001:00006360       ?_Tidy@?$vector@V?$Point_@M@cv@@V?$allocator@V?$Point_@M@cv@@@std@@@std@@IEAAXXZ 0000000180007360 f i BigCanvas.obj
 0001:00006400       ?_Tidy@?$vector@HV?$allocator@H@std@@@std@@IEAAXXZ 0000000180007400 f i BigCanvas.obj
 0001:000064a0       ?_Tidy@?$vector@VMat@cv@@V?$allocator@VMat@cv@@@std@@@std@@IEAAXXZ 00000001800074a0 f i BigCanvas.obj
 0001:00006560       ?_Reserve@?$vector@VMat@cv@@V?$allocator@VMat@cv@@@std@@@std@@IEAAX_K@Z 0000000180007560 f i BigCanvas.obj
 0001:00006630       ?allocate@?$_Wrap_alloc@V?$allocator@V?$Point_@M@cv@@@std@@@std@@QEAAPEAV?$Point_@M@cv@@_K@Z 0000000180007630 f i BigCanvas.obj
 0001:000066a0       ?deallocate@?$_Wrap_alloc@V?$allocator@VMat@cv@@@std@@@std@@QEAAXPEAVMat@cv@@_K@Z 00000001800076a0 f i BigCanvas.obj
 0001:00006710       ?_Reallocate@?$vector@VMat@cv@@V?$allocator@VMat@cv@@@std@@@std@@IEAAX_K@Z 0000000180007710 f i BigCanvas.obj
 0001:000068c0       ?allocate@?$_Wrap_alloc@V?$allocator@VMat@cv@@@std@@@std@@QEAAPEAVMat@cv@@_K@Z 00000001800078c0 f i BigCanvas.obj
 0001:00006930       ??$_Destroy_range1@V?$allocator@VMat@cv@@@std@@PEAVMat@cv@@@std@@YAXPEAVMat@cv@@0AEAU?$_Wrap_alloc@V?$allocator@VMat@cv@@@std@@@0@U?$integral_constant@_N$0A@@0@@Z 0000000180007930 f i BigCanvas.obj
 0001:000069e0       ?to_string@std@@YA?AV?$basic_string@DU?$char_traits@D@std@@V?$allocator@D@2@@1@H@Z 00000001800079e0 f i CamScribbleWrap.obj
 0001:00006a20       ??1EscapableHandleScope@Nan@@QEAA@XZ 0000000180007a20 f i CamScribbleWrap.obj
 0001:00006a50       ?Call_@Callback@Nan@@AEBA?AV?$Local@VValue@v8@@@v8@@PEAVIsolate@4@V?$Local@VObject@v8@@@4@HQEAV34@@Z 0000000180007a50 f i CamScribbleWrap.obj
 0001:00006b10       ??0AsyncWorker@Nan@@QEAA@PEAVCallback@1@@Z 0000000180007b10 f i CamScribbleWrap.obj
 0001:00006bd0       ??1AsyncWorker@Nan@@UEAA@XZ 0000000180007bd0 f i CamScribbleWrap.obj
 0001:00006ca0       ?WorkComplete@AsyncWorker@Nan@@UEAAXXZ 0000000180007ca0 f i CamScribbleWrap.obj
 0001:00006d40       ?Destroy@AsyncWorker@Nan@@UEAAXXZ 0000000180007d40 f i CamScribbleWrap.obj
 0001:00006d60       ?HandleOKCallback@AsyncWorker@Nan@@MEAAXXZ 0000000180007d60 f i CamScribbleWrap.obj
 0001:00006dc0       ?HandleErrorCallback@AsyncWorker@Nan@@MEAAXXZ 0000000180007dc0 f i CamScribbleWrap.obj
 0001:00006ea0       ??_GAsyncWorker@Nan@@UEAAPEAXI@Z 0000000180007ea0 f i CamScribbleWrap.obj
 0001:00006ea0       ??_EAsyncWorker@Nan@@UEAAPEAXI@Z 0000000180007ea0 f i * CIL library *:* CIL module *
 0001:00006ee0       ?AsyncExecute@Nan@@YAXPEAUuv_work_s@@@Z 0000000180007ee0 f i CamScribbleWrap.obj
 0001:00006ef0       ?AsyncExecuteComplete@Nan@@YAXPEAUuv_work_s@@@Z 0000000180007ef0 f i CamScribbleWrap.obj
 0001:00006f30       ?isCameraValid@CamScribbleWrap@@SA_NH@Z 0000000180007f30 f i CamScribbleWrap.obj
 0001:00006fb0       ?countCameras@CamScribbleWrap@@SA?AV?$vector@HV?$allocator@H@std@@@std@@XZ 0000000180007fb0 f i CamScribbleWrap.obj
 0001:00007090       ?Init@CamScribbleWrap@@SAXV?$Local@VObject@v8@@@v8@@@Z 0000000180008090 f   CamScribbleWrap.obj
 0001:000073b0       ?New@CamScribbleWrap@@SAXAEBV?$FunctionCallbackInfo@VValue@v8@@@Nan@@@Z 00000001800083b0 f   CamScribbleWrap.obj
 0001:00007710       ??0CamScribbleWrap@@QEAA@V?$Size_@H@cv@@V?$Scalar_@N@2@@Z 0000000180008710 f   CamScribbleWrap.obj
 0001:00007f20       ??_ECamScribbleWrap@@UEAAPEAXI@Z 0000000180008f20 f i * CIL library *:* CIL module *
 0001:00007f20       ??_GCamScribbleWrap@@UEAAPEAXI@Z 0000000180008f20 f i CamScribbleWrap.obj
 0001:00007fc0       ??4BigCanvas@@QEAAAEAV0@AEBV0@@Z 0000000180008fc0 f i CamScribbleWrap.obj
 0001:00008150       ?SetPerspective@CamScribbleWrap@@SAXAEBV?$FunctionCallbackInfo@VValue@v8@@@Nan@@@Z 0000000180009150 f   CamScribbleWrap.obj
 0001:00008bd0       ?SetNoise@CamScribbleWrap@@SAXAEBV?$FunctionCallbackInfo@VValue@v8@@@Nan@@@Z 0000000180009bd0 f   CamScribbleWrap.obj
 0001:00008d20       ?SetStrokeWidth@CamScribbleWrap@@SAXAEBV?$FunctionCallbackInfo@VValue@v8@@@Nan@@@Z 0000000180009d20 f   CamScribbleWrap.obj
 0001:00008e90       ?SetBrightness@CamScribbleWrap@@SAXAEBV?$FunctionCallbackInfo@VValue@v8@@@Nan@@@Z 0000000180009e90 f   CamScribbleWrap.obj
 0001:00009000       ?SetHeight@CamScribbleWrap@@SAXAEBV?$FunctionCallbackInfo@VValue@v8@@@Nan@@@Z 000000018000a000 f   CamScribbleWrap.obj
 0001:00009160       ?SetWidth@CamScribbleWrap@@SAXAEBV?$FunctionCallbackInfo@VValue@v8@@@Nan@@@Z 000000018000a160 f   CamScribbleWrap.obj
 0001:000092c0       ?SetInkColor@CamScribbleWrap@@SAXAEBV?$FunctionCallbackInfo@VValue@v8@@@Nan@@@Z 000000018000a2c0 f   CamScribbleWrap.obj
 0001:00009520       ?SetPosition@CamScribbleWrap@@SAXAEBV?$FunctionCallbackInfo@VValue@v8@@@Nan@@@Z 000000018000a520 f   CamScribbleWrap.obj
 0001:00009710       ?Lock@CamScribbleWrap@@SAXAEBV?$FunctionCallbackInfo@VValue@v8@@@Nan@@@Z 000000018000a710 f   CamScribbleWrap.obj
 0001:00009790       ?Undo@CamScribbleWrap@@SAXAEBV?$FunctionCallbackInfo@VValue@v8@@@Nan@@@Z 000000018000a790 f   CamScribbleWrap.obj
 0001:00009810       ?Redo@CamScribbleWrap@@SAXAEBV?$FunctionCallbackInfo@VValue@v8@@@Nan@@@Z 000000018000a810 f   CamScribbleWrap.obj
 0001:00009890       ?ExportAsImage@CamScribbleWrap@@SAXAEBV?$FunctionCallbackInfo@VValue@v8@@@Nan@@@Z 000000018000a890 f   CamScribbleWrap.obj
 0001:00009b50       ?SetCamera@CamScribbleWrap@@SAXAEBV?$FunctionCallbackInfo@VValue@v8@@@Nan@@@Z 000000018000ab50 f   CamScribbleWrap.obj
 0001:00009d30       ?ReleaseCam@CamScribbleWrap@@SAXAEBV?$FunctionCallbackInfo@VValue@v8@@@Nan@@@Z 000000018000ad30 f   CamScribbleWrap.obj
 0001:00009dc0       ?GetAvailableCameras@CamScribbleWrap@@SAXAEBV?$FunctionCallbackInfo@VValue@v8@@@Nan@@@Z 000000018000adc0 f   CamScribbleWrap.obj
 0001:00009f70       ?GetFrame@CamScribbleWrap@@SAXAEBV?$FunctionCallbackInfo@VValue@v8@@@Nan@@@Z 000000018000af70 f   CamScribbleWrap.obj
 0001:0000a190       ?GetCameraFrame@CamScribbleWrap@@SAXAEBV?$FunctionCallbackInfo@VValue@v8@@@Nan@@@Z 000000018000b190 f   CamScribbleWrap.obj
 0001:0000a380       ?Execute@GetClibrationFramesAsyncWorker@@UEAAXXZ 000000018000b380 f i CamScribbleWrap.obj
 0001:0000a4d0       ?HandleOKCallback@GetClibrationFramesAsyncWorker@@UEAAXXZ 000000018000b4d0 f i CamScribbleWrap.obj
 0001:0000a6b0       ??_EGetClibrationFramesAsyncWorker@@UEAAPEAXI@Z 000000018000b6b0 f i * CIL library *:* CIL module *
 0001:0000a6b0       ??_GGetClibrationFramesAsyncWorker@@UEAAPEAXI@Z 000000018000b6b0 f i CamScribbleWrap.obj
 0001:0000a700       ??1TryCatch@Nan@@QEAA@XZ   000000018000b700 f i CamScribbleWrap.obj
 0001:0000a720       ?GetCalibrationFrames@CamScribbleWrap@@SAXAEBV?$FunctionCallbackInfo@VValue@v8@@@Nan@@@Z 000000018000b720 f   CamScribbleWrap.obj
 0001:0000a8d0       ?Execute@GetBigCanvasAsyncWorker@@UEAAXXZ 000000018000b8d0 f i CamScribbleWrap.obj
 0001:0000a9d0       ?HandleOKCallback@GetBigCanvasAsyncWorker@@UEAAXXZ 000000018000b9d0 f i CamScribbleWrap.obj
 0001:0000ab50       ??_EGetBigCanvasAsyncWorker@@UEAAPEAXI@Z 000000018000bb50 f i * CIL library *:* CIL module *
 0001:0000ab50       ??_GGetBigCanvasAsyncWorker@@UEAAPEAXI@Z 000000018000bb50 f i CamScribbleWrap.obj
 0001:0000aba0       ?GetBigCanvas@CamScribbleWrap@@SAXAEBV?$FunctionCallbackInfo@VValue@v8@@@Nan@@@Z 000000018000bba0 f   CamScribbleWrap.obj
 0001:0000ad50       ?ClearBigCanvas@CamScribbleWrap@@SAXAEBV?$FunctionCallbackInfo@VValue@v8@@@Nan@@@Z 000000018000bd50 f   CamScribbleWrap.obj
 0001:0000add0       ??4?$vector@VMat@cv@@V?$allocator@VMat@cv@@@std@@@std@@QEAAAEAV01@AEBV01@@Z 000000018000bdd0 f i CamScribbleWrap.obj
 0001:0000afb0       ?_Reserve@?$vector@HV?$allocator@H@std@@@std@@IEAAX_K@Z 000000018000bfb0 f i CamScribbleWrap.obj
 0001:0000b040       ?_Reallocate@?$vector@V?$Point_@M@cv@@V?$allocator@V?$Point_@M@cv@@@std@@@std@@IEAAX_K@Z 000000018000c040 f i CamScribbleWrap.obj
 0001:0000b1a0       ?_Reallocate@?$vector@HV?$allocator@H@std@@@std@@IEAAX_K@Z 000000018000c1a0 f i CamScribbleWrap.obj
 0001:0000b2e0       ??$_Integral_to_string@DH@std@@YA?AV?$basic_string@DU?$char_traits@D@std@@V?$allocator@D@2@@0@H@Z 000000018000c2e0 f i CamScribbleWrap.obj
 0001:0000b3e0       ??4?$Ptr@UCvCapture@@@cv@@QEAAAEAV01@AEBV01@@Z 000000018000c3e0 f i CamScribbleWrap.obj
 0001:0000b470       ??$?HDU?$char_traits@D@std@@V?$allocator@D@1@@std@@YA?AV?$basic_string@DU?$char_traits@D@std@@V?$allocator@D@2@@0@PEBD$$QEAV10@@Z 000000018000c470 f i CamScribbleWrap.obj
 0001:0000b4c0       ??$?HDU?$char_traits@D@std@@V?$allocator@D@1@@std@@YA?AV?$basic_string@DU?$char_traits@D@std@@V?$allocator@D@2@@0@$$QEAV10@PEBD@Z 000000018000c4c0 f i CamScribbleWrap.obj
 0001:0000b520       ??$_Ucopy@PEAVMat@cv@@@?$vector@VMat@cv@@V?$allocator@VMat@cv@@@std@@@std@@IEAAPEAVMat@cv@@PEAV23@00@Z 000000018000c520 f i CamScribbleWrap.obj
 0001:0000b590       ?insert@?$basic_string@DU?$char_traits@D@std@@V?$allocator@D@2@@std@@QEAAAEAV12@_KPEBD0@Z 000000018000c590 f i CamScribbleWrap.obj
 0001:0000b710       ?insert@?$basic_string@DU?$char_traits@D@std@@V?$allocator@D@2@@std@@QEAAAEAV12@_KAEBV12@00@Z 000000018000c710 f i CamScribbleWrap.obj
 0001:0000b8b0       ??$_Copy_unchecked1@PEAVMat@cv@@PEAV12@@std@@YAPEAVMat@cv@@PEAV12@00U_General_ptr_iterator_tag@0@@Z 000000018000c8b0 f i CamScribbleWrap.obj
 0001:0000ba10       ?applyPerspectiveCorrection@PerspectiveCorrection@@QEAAXAEBVMat@cv@@AEAV23@@Z 000000018000ca10 f   PerspectiveCorrection.obj
 0001:0000bb10       ?calculateTransformationMatrix@PerspectiveCorrection@@AEAAXXZ 000000018000cb10 f   PerspectiveCorrection.obj
 0001:0000bca0       ??0RetinaFilter@@QEAA@XZ   000000018000cca0 f   RetinaFilter.obj
 0001:0000be50       ?enhanceOutput@RetinaFilter@@AEAAXAEAVMat@cv@@00@Z 000000018000ce50 f   RetinaFilter.obj
 0001:0000c110       ?applyFilter@RetinaFilter@@QEAAXAEBVMat@cv@@AEAV23@1@Z 000000018000d110 f   RetinaFilter.obj
 0001:0000c2b0       ?getAverage@RunningAverage@@QEAAXAEAVMat@cv@@0@Z 000000018000d2b0 f   RunningAverage.obj
 0001:0000c3c0       ??_EMatrix@@UEAAPEAXI@Z    000000018000d3c0 f i * CIL library *:* CIL module *
 0001:0000c3c0       ??_GMatrix@@UEAAPEAXI@Z    000000018000d3c0 f i Matrix.obj
 0001:0000c420       ?Init@Matrix@@SAXV?$Local@VObject@v8@@@v8@@@Z 000000018000d420 f   Matrix.obj
 0001:0000c5c0       ?New@Matrix@@SAXAEBV?$FunctionCallbackInfo@VValue@v8@@@Nan@@@Z 000000018000d5c0 f   Matrix.obj
 0001:0000c6c0       ?ToBuffer@Matrix@@SAXAEBV?$FunctionCallbackInfo@VValue@v8@@@Nan@@@Z 000000018000d6c0 f   Matrix.obj
 0001:0000c960       ?Width@Matrix@@SAXAEBV?$FunctionCallbackInfo@VValue@v8@@@Nan@@@Z 000000018000d960 f   Matrix.obj
 0001:0000ca00       ?Height@Matrix@@SAXAEBV?$FunctionCallbackInfo@VValue@v8@@@Nan@@@Z 000000018000da00 f   Matrix.obj
 0001:0000ca98       ??0_Init_locks@std@@QEAA@XZ 000000018000da98 f   libcpmt:xlock.obj
 0001:0000cae4       ??0_Lockit@std@@QEAA@H@Z   000000018000dae4 f   libcpmt:xlock.obj
 0001:0000cb20       ??1_Init_locks@std@@QEAA@XZ 000000018000db20 f   libcpmt:xlock.obj
 0001:0000cb64       ??1_Lockit@std@@QEAA@XZ    000000018000db64 f   libcpmt:xlock.obj
 0001:0000cb98       ??4?$_Yarn@D@std@@QEAAAEAV01@PEBD@Z 000000018000db98 f i libcpmt:locale0.obj
 0001:0000cc10       ??_G_Fac_node@std@@QEAAPEAXI@Z 000000018000dc10 f i libcpmt:locale0.obj
 0001:0000cc9c       ??_G_Locimp@locale@std@@MEAAPEAXI@Z 000000018000dc9c f i libcpmt:locale0.obj
 0001:0000cc9c       ??_E_Locimp@locale@std@@MEAAPEAXI@Z 000000018000dc9c f i libcpmt:locale0.obj
 0001:0000cd08       ?_Facet_Register@std@@YAXPEAV_Facet_base@1@@Z 000000018000dd08 f   libcpmt:locale0.obj
 0001:0000cd40       ?_Getgloballocale@locale@std@@CAPEAV_Locimp@12@XZ 000000018000dd40 f   libcpmt:locale0.obj
 0001:0000cd48       ?_Init@locale@std@@CAPEAV_Locimp@12@_N@Z 000000018000dd48 f   libcpmt:locale0.obj
 0001:0000ce04       ?_Locimp_dtor@_Locimp@locale@std@@CAXPEAV123@@Z 000000018000de04 f   libcpmt:locale0.obj
 0001:0000ceac       ?_Locinfo_ctor@_Locinfo@std@@SAXPEAV12@PEBD@Z 000000018000deac f   libcpmt:locale0.obj
 0001:0000cf18       ?_Locinfo_dtor@_Locinfo@std@@SAXPEAV12@@Z 000000018000df18 f   libcpmt:locale0.obj
 0001:0000cf3c       ?_New_Locimp@_Locimp@locale@std@@CAPEAV123@_N@Z 000000018000df3c f   libcpmt:locale0.obj
 0001:0000cfac       ?_Setgloballocale@locale@std@@CAXPEAX@Z 000000018000dfac f   libcpmt:locale0.obj
 0001:0000cfe0       _Deletegloballocale        000000018000dfe0 f   libcpmt:locale0.obj
 0001:0000d068       ??0bad_alloc@std@@QEAA@AEBV01@@Z 000000018000e068 f i libcpmt:xthrow.obj
 0001:0000d0a8       ??0bad_alloc@std@@QEAA@XZ  000000018000e0a8 f i libcpmt:xthrow.obj
 0001:0000d0c8       ??0exception@std@@QEAA@AEBV01@@Z 000000018000e0c8 f i libcpmt:xthrow.obj
 0001:0000d100       ??0length_error@std@@QEAA@AEBV01@@Z 000000018000e100 f i libcpmt:xthrow.obj
 0001:0000d140       ??0length_error@std@@QEAA@PEBD@Z 000000018000e140 f i libcpmt:xthrow.obj
 0001:0000d18c       ??0logic_error@std@@QEAA@AEBV01@@Z 000000018000e18c f i libcpmt:xthrow.obj
 0001:0000d1cc       ??0out_of_range@std@@QEAA@AEBV01@@Z 000000018000e1cc f i libcpmt:xthrow.obj
 0001:0000d20c       ??0out_of_range@std@@QEAA@PEBD@Z 000000018000e20c f i libcpmt:xthrow.obj
 0001:0000d258       ?_Xlength_error@std@@YAXPEBD@Z 000000018000e258 f   libcpmt:xthrow.obj
 0001:0000d27c       ?_Xout_of_range@std@@YAXPEBD@Z 000000018000e27c f   libcpmt:xthrow.obj
 0001:0000d2a0       ?what@exception@std@@UEBAPEBDXZ 000000018000e2a0 f i libcpmt:xthrow.obj
 0001:0000d2b4       ?_Syserror_map@std@@YAPEBDH@Z 000000018000e2b4 f   libcpmt:syserror.obj
 0001:0000d2dc       _Getctype                  000000018000e2dc f   libcpmt:_tolower.obj
 0001:0000d39c       _Tolower                   000000018000e39c f   libcpmt:_tolower.obj
 0001:0000d4c4       _Toupper                   000000018000e4c4 f   libcpmt:_toupper.obj
 0001:0000d5fc       ??$use_facet@V?$codecvt@DDU_Mbstatet@@@std@@@std@@YAAEBV?$codecvt@DDU_Mbstatet@@@0@AEBVlocale@0@@Z 000000018000e5fc f i libcpmt:cout.obj
 0001:0000d734       ??0?$basic_ostream@DU?$char_traits@D@std@@@std@@QEAA@PEAV?$basic_streambuf@DU?$char_traits@D@std@@@1@_N@Z 000000018000e734 f i libcpmt:cout.obj
 0001:0000d7fc       ??0?$basic_streambuf@DU?$char_traits@D@std@@@std@@IEAA@XZ 000000018000e7fc f i libcpmt:cout.obj
 0001:0000d8ac       ??0_Init_cout@std@@QEAA@XZ 000000018000e8ac f i libcpmt:cout.obj
 0001:0000d918       ??0bad_cast@std@@QEAA@AEBV01@@Z 000000018000e918 f i libcpmt:cout.obj
 0001:0000d958       ??0bad_cast@std@@QEAA@XZ   000000018000e958 f i libcpmt:cout.obj
 0001:0000d978       ??1?$basic_filebuf@DU?$char_traits@D@std@@@std@@UEAA@XZ 000000018000e978 f i libcpmt:cout.obj
 0001:0000da24       ??1?$basic_ios@DU?$char_traits@D@std@@@std@@UEAA@XZ 000000018000ea24 f i libcpmt:cout.obj
 0001:0000da48       ??1bad_exception@std@@UEAA@XZ 000000018000ea48 f i libvcruntime:frame.obj
 0001:0000da48       ??1bad_array_new_length@std@@UEAA@XZ 000000018000ea48 f i LIBCMT:throw_bad_alloc.obj
 0001:0000da48       ??1length_error@std@@UEAA@XZ 000000018000ea48 f i libcpmt:xthrow.obj
 0001:0000da48       ??1bad_cast@std@@UEAA@XZ   000000018000ea48 f i libcpmt:cout.obj
 0001:0000da48       ??1bad_alloc@std@@UEAA@XZ  000000018000ea48 f i libcpmt:xthrow.obj
 0001:0000da48       ??1out_of_range@std@@UEAA@XZ 000000018000ea48 f i libcpmt:xthrow.obj
 0001:0000da5c       ??_E?$basic_ostream@DU?$char_traits@D@std@@@std@@$4PPPPPPPM@A@EAAPEAXI@Z 000000018000ea5c f i libcpmt:cout.obj
 0001:0000da68       ??_E?$basic_filebuf@DU?$char_traits@D@std@@@std@@UEAAPEAXI@Z 000000018000ea68 f i libcpmt:cout.obj
 0001:0000da68       ??_G?$basic_filebuf@DU?$char_traits@D@std@@@std@@UEAAPEAXI@Z 000000018000ea68 f i libcpmt:cout.obj
 0001:0000da9c       ??_G?$basic_ios@DU?$char_traits@D@std@@@std@@UEAAPEAXI@Z 000000018000ea9c f i libcpmt:cout.obj
 0001:0000da9c       ??_E?$basic_ios@DU?$char_traits@D@std@@@std@@UEAAPEAXI@Z 000000018000ea9c f i libcpmt:cout.obj
 0001:0000dae8       ??_G?$basic_ostream@DU?$char_traits@D@std@@@std@@UEAAPEAXI@Z 000000018000eae8 f i libcpmt:cout.obj
 0001:0000dae8       ??_E?$basic_ostream@DU?$char_traits@D@std@@@std@@UEAAPEAXI@Z 000000018000eae8 f i libcpmt:cout.obj
 0001:0000db58       ??_E?$basic_streambuf@DU?$char_traits@D@std@@@std@@UEAAPEAXI@Z 000000018000eb58 f i libcpmt:cout.obj
 0001:0000db58       ??_G?$basic_streambuf@DU?$char_traits@D@std@@@std@@UEAAPEAXI@Z 000000018000eb58 f i libcpmt:cout.obj
 0001:0000dba8       ??_G?$codecvt@DDU_Mbstatet@@@std@@MEAAPEAXI@Z 000000018000eba8 f i libcpmt:cout.obj
 0001:0000dba8       ??_E?$codecvt@DDU_Mbstatet@@@std@@MEAAPEAXI@Z 000000018000eba8 f i libcpmt:cout.obj
 0001:0000dbd4       ??_Gios_base@std@@UEAAPEAXI@Z 000000018000ebd4 f i libcpmt:cout.obj
 0001:0000dbd4       ??_Eios_base@std@@UEAAPEAXI@Z 000000018000ebd4 f i libcpmt:cout.obj
 0001:0000dc20       ??_Glocale@std@@QEAAPEAXI@Z 000000018000ec20 f i libcpmt:cout.obj
 0001:0000dcb0       ?_Endwrite@?$basic_filebuf@DU?$char_traits@D@std@@@std@@IEAA_NXZ 000000018000ecb0 f i libcpmt:cout.obj
 0001:0000de64       ?_Getcat@?$codecvt@DDU_Mbstatet@@@std@@SA_KPEAPEBVfacet@locale@2@PEBV42@@Z 000000018000ee64 f i libcpmt:cout.obj
 0001:0000df28       ?_Init@?$basic_filebuf@DU?$char_traits@D@std@@@std@@IEAAXPEAU_iobuf@@W4_Initfl@12@@Z 000000018000ef28 f i libcpmt:cout.obj
 0001:0000e014       ?_Init@ios_base@std@@IEAAXXZ 000000018000f014 f i libcpmt:cout.obj
 0001:0000e094       ?_Initcvt@?$basic_filebuf@DU?$char_traits@D@std@@@std@@IEAAXPEBV?$codecvt@DDU_Mbstatet@@@2@@Z 000000018000f094 f i libcpmt:cout.obj
 0001:0000e134       ?_Lock@?$basic_filebuf@DU?$char_traits@D@std@@@std@@UEAAXXZ 000000018000f134 f i libcpmt:cout.obj
 0001:0000e150       ?_Unlock@?$basic_filebuf@DU?$char_traits@D@std@@@std@@UEAAXXZ 000000018000f150 f i libcpmt:cout.obj
 0001:0000e16c       ?do_max_length@codecvt_base@std@@MEBAHXZ 000000018000f16c f i libcpmt:cout.obj
 0001:0000e16c       DllMain                    000000018000f16c f i LIBCMT:dll_dllmain_stub.obj
 0001:0000e16c       _get_startup_argv_mode     000000018000f16c f i LIBCMT:argv_mode.obj
 0001:0000e16c       ?do_encoding@codecvt_base@std@@MEBAHXZ 000000018000f16c f i libcpmt:cout.obj
 0001:0000e174       ?do_length@?$codecvt@DDU_Mbstatet@@@std@@MEBAHAEAU_Mbstatet@@PEBD1_K@Z 000000018000f174 f i libcpmt:cout.obj
 0001:0000e188       ?do_out@?$codecvt@DDU_Mbstatet@@@std@@MEBAHAEAU_Mbstatet@@PEBD1AEAPEBDPEAD3AEAPEAD@Z 000000018000f188 f i libcpmt:cout.obj
 0001:0000e188       ?do_in@?$codecvt@DDU_Mbstatet@@@std@@MEBAHAEAU_Mbstatet@@PEBD1AEAPEBDPEAD3AEAPEAD@Z 000000018000f188 f i libcpmt:cout.obj
 0001:0000e1a4       ?do_unshift@?$codecvt@DDU_Mbstatet@@@std@@MEBAHAEAU_Mbstatet@@PEAD1AEAPEAD@Z 000000018000f1a4 f i libcpmt:cout.obj
 0001:0000e1b0       ?imbue@?$basic_filebuf@DU?$char_traits@D@std@@@std@@MEAAXAEBVlocale@2@@Z 000000018000f1b0 f i libcpmt:cout.obj
 0001:0000e1d4       ?overflow@?$basic_filebuf@DU?$char_traits@D@std@@@std@@MEAAHH@Z 000000018000f1d4 f i libcpmt:cout.obj
 0001:0000e434       ?pbackfail@?$basic_streambuf@DU?$char_traits@D@std@@@std@@MEAAHH@Z 000000018000f434 f i libcpmt:cout.obj
 0001:0000e434       ?overflow@?$basic_streambuf@DU?$char_traits@D@std@@@std@@MEAAHH@Z 000000018000f434 f i libcpmt:cout.obj
 0001:0000e434       ?underflow@?$basic_streambuf@DU?$char_traits@D@std@@@std@@MEAAHXZ 000000018000f434 f i libcpmt:cout.obj
 0001:0000e438       ?pbackfail@?$basic_filebuf@DU?$char_traits@D@std@@@std@@MEAAHH@Z 000000018000f438 f i libcpmt:cout.obj
 0001:0000e508       ?seekoff@?$basic_filebuf@DU?$char_traits@D@std@@@std@@MEAA?AV?$fpos@U_Mbstatet@@@2@_JHH@Z 000000018000f508 f i libcpmt:cout.obj
 0001:0000e5f4       ?seekoff@?$basic_streambuf@DU?$char_traits@D@std@@@std@@MEAA?AV?$fpos@U_Mbstatet@@@2@_JHH@Z 000000018000f5f4 f i libcpmt:cout.obj
 0001:0000e5f4       ?seekpos@?$basic_streambuf@DU?$char_traits@D@std@@@std@@MEAA?AV?$fpos@U_Mbstatet@@@2@V32@H@Z 000000018000f5f4 f i libcpmt:cout.obj
 0001:0000e610       ?seekpos@?$basic_filebuf@DU?$char_traits@D@std@@@std@@MEAA?AV?$fpos@U_Mbstatet@@@2@V32@H@Z 000000018000f610 f i libcpmt:cout.obj
 0001:0000e710       ?setbuf@?$basic_filebuf@DU?$char_traits@D@std@@@std@@MEAAPEAV?$basic_streambuf@DU?$char_traits@D@std@@@2@PEAD_J@Z 000000018000f710 f i libcpmt:cout.obj
 0001:0000e764       ?setbuf@?$basic_streambuf@DU?$char_traits@D@std@@@std@@MEAAPEAV12@PEAD_J@Z 000000018000f764 f i libcpmt:cout.obj
 0001:0000e768       ?showmanyc@?$basic_streambuf@DU?$char_traits@D@std@@@std@@MEAA_JXZ 000000018000f768 f i libcpmt:cout.obj
 0001:0000e768       ?sync@?$basic_streambuf@DU?$char_traits@D@std@@@std@@MEAAHXZ 000000018000f768 f i libcpmt:cout.obj
 0001:0000e76c       ?sync@?$basic_filebuf@DU?$char_traits@D@std@@@std@@MEAAHXZ 000000018000f76c f i libcpmt:cout.obj
 0001:0000e7cc       ?uflow@?$basic_filebuf@DU?$char_traits@D@std@@@std@@MEAAHXZ 000000018000f7cc f i libcpmt:cout.obj
 0001:0000ea64       ?uflow@?$basic_streambuf@DU?$char_traits@D@std@@@std@@MEAAHXZ 000000018000fa64 f i libcpmt:cout.obj
 0001:0000eab0       ?underflow@?$basic_filebuf@DU?$char_traits@D@std@@@std@@MEAAHXZ 000000018000fab0 f i libcpmt:cout.obj
 0001:0000eb28       ?widen@?$basic_ios@DU?$char_traits@D@std@@@std@@QEBADD@Z 000000018000fb28 f i libcpmt:cout.obj
 0001:0000ebc8       ?xsgetn@?$basic_streambuf@DU?$char_traits@D@std@@@std@@MEAA_JPEAD_J@Z 000000018000fbc8 f i libcpmt:cout.obj
 0001:0000ec88       ?xsputn@?$basic_streambuf@DU?$char_traits@D@std@@@std@@MEAA_JPEBD_J@Z 000000018000fc88 f i libcpmt:cout.obj
 0001:0000ed4c       _Mtxdst                    000000018000fd4c f   libcpmt:xmtx.obj
 0001:0000ed54       _Mtxinit                   000000018000fd54 f   libcpmt:xmtx.obj
 0001:0000ed64       _Mtxlock                   000000018000fd64 f   libcpmt:xmtx.obj
 0001:0000ed6c       _Mtxunlock                 000000018000fd6c f   libcpmt:xmtx.obj
 0001:0000ed74       ?_Atexit@@YAXP6AXXZ@Z      000000018000fd74 f   libcpmt:iosptrs.obj
 0001:0000edb4       __crtLCMapStringA          000000018000fdb4 f   libcpmt:StlLCMapStringA.obj
 0001:0000f0a0       ?_Addstd@ios_base@std@@SAXPEAV12@@Z 00000001800100a0 f   libcpmt:ios.obj
 0001:0000f110       ?_Ios_base_dtor@ios_base@std@@CAXPEAV12@@Z 0000000180010110 f   libcpmt:ios.obj
 0001:0000f154       ?_Tidy@ios_base@std@@AEAAXXZ 0000000180010154 f i libcpmt:ios.obj
 0001:0000f6b4       __crtInitializeCriticalSectionEx 00000001800106b4 f   libcpmt:winapisupp.obj
 0001:0000f714       GetTableIndexFromLocaleName 0000000180010714 f   libcpmt:winapinls.obj
 0001:0000f7a0       __crtDownlevelLocaleNameToLCID 00000001800107a0 f   libcpmt:winapinls.obj
 0001:0000f7d4       __crtLCMapStringEx         00000001800107d4 f   libcpmt:winapinls.obj
 0001:0000f890       __wcsnicmp_ascii           0000000180010890 f   libcpmt:winapinls.obj
 0001:0000f900       __security_check_cookie    0000000180010900 f   LIBCMT:_amdsecgs_.obj
 0001:0000fa6c       _Init_thread_abort         0000000180010a6c f   LIBCMT:thread_safe_statics.obj
 0001:0000fa9c       _Init_thread_footer        0000000180010a9c f   LIBCMT:thread_safe_statics.obj
 0001:0000fafc       _Init_thread_header        0000000180010afc f   LIBCMT:thread_safe_statics.obj
 0001:0000fb64       _Init_thread_notify        0000000180010b64 f   LIBCMT:thread_safe_statics.obj
 0001:0000fbc0       _Init_thread_wait          0000000180010bc0 f   LIBCMT:thread_safe_statics.obj
 0001:0000fc58       ??2@YAPEAX_K@Z             0000000180010c58 f   LIBCMT:new_scalar.obj
 0001:0000fc94       __scrt_acquire_startup_lock 0000000180010c94 f   LIBCMT:utility.obj
 0001:0000fcd0       __scrt_dllmain_after_initialize_c 0000000180010cd0 f   LIBCMT:utility.obj
 0001:0000fd04       __scrt_dllmain_before_initialize_c 0000000180010d04 f   LIBCMT:utility.obj
 0001:0000fd1c       __scrt_dllmain_crt_thread_attach 0000000180010d1c f   LIBCMT:utility.obj
 0001:0000fd44       __scrt_dllmain_crt_thread_detach 0000000180010d44 f   LIBCMT:utility.obj
 0001:0000fd5c       __scrt_dllmain_exception_filter 0000000180010d5c f   LIBCMT:utility.obj
 0001:0000fdc0       __scrt_dllmain_uninitialize_c 0000000180010dc0 f   LIBCMT:utility.obj
 0001:0000fdf0       __scrt_dllmain_uninitialize_critical 0000000180010df0 f   LIBCMT:utility.obj
 0001:0000fe04       __scrt_initialize_crt      0000000180010e04 f   LIBCMT:utility.obj
 0001:0000fe50       __scrt_initialize_onexit_tables 0000000180010e50 f   LIBCMT:utility.obj
 0001:0000ff1c       __scrt_is_nonwritable_in_current_image 0000000180010f1c f   LIBCMT:utility.obj
 0001:0000ffb8       __scrt_release_startup_lock 0000000180010fb8 f   LIBCMT:utility.obj
 0001:0000ffdc       __scrt_uninitialize_crt    0000000180010fdc f   LIBCMT:utility.obj
 0001:00010008       _onexit                    0000000180011008 f   LIBCMT:utility.obj
 0001:00010058       atexit                     0000000180011058 f   LIBCMT:utility.obj
 0001:00010070       ??3@YAXPEAX@Z              0000000180011070 f   LIBCMT:delete_scalar.obj
 0001:00010078       ??3@YAXPEAX_K@Z            0000000180011078 f   LIBCMT:delete_scalar_size.obj
 0001:00010078       ??_V@YAXPEAX@Z             0000000180011078 f   LIBCMT:delete_array.obj
 0001:00010080       ??_Gtype_info@@UEAAPEAXI@Z 0000000180011080 f i LIBCMT:std_type_info_static.obj
 0001:00010080       ??_Etype_info@@UEAAPEAXI@Z 0000000180011080 f i LIBCMT:std_type_info_static.obj
 0001:000100ac       ??_M@YAXPEAX_K1P6AX0@Z@Z   00000001800110ac f   LIBCMT:ehvecdtr.obj
 0001:00010118       ?__ArrayUnwind@@YAXPEAX_K1P6AX0@Z@Z 0000000180011118 f   LIBCMT:ehvecdtr.obj
 0001:0001017c       ??_L@YAXPEAX_K1P6AX0@Z2@Z  000000018001117c f   LIBCMT:ehvecctr.obj
 0001:00010538       _DllMainCRTStartup         0000000180011538 f   LIBCMT:dll_dllmain.obj
 0001:00010578       _guard_check_icall         0000000180011578 f i LIBCMT:checkcfg.obj
 0001:00010580       __GSHandlerCheck           0000000180011580 f   LIBCMT:_gshandler_.obj
 0001:000105a0       __GSHandlerCheckCommon     00000001800115a0 f   LIBCMT:_gshandler_.obj
 0001:000105fc       __GSHandlerCheck_EH        00000001800115fc f   LIBCMT:gshandlereh.obj
 0001:00010690       __chkstk                   0000000180011690 f   LIBCMT:_chkstk_.obj
 0001:00010690       _alloca_probe              0000000180011690 f   LIBCMT:_chkstk_.obj
 0001:000106e4       __raise_securityfailure    00000001800116e4 f   LIBCMT:gs_report.obj
 0001:00010718       __report_gsfailure         0000000180011718 f   LIBCMT:gs_report.obj
 0001:000107ec       __report_rangecheckfailure 00000001800117ec f   LIBCMT:gs_report.obj
 0001:00010800       __report_securityfailure   0000000180011800 f   LIBCMT:gs_report.obj
 0001:00010980       __crt_debugger_hook        0000000180011980 f   LIBCMT:utility_desktop.obj
 0001:00010988       __scrt_fastfail            0000000180011988 f   LIBCMT:utility_desktop.obj
 0001:00010ad0       ??0bad_array_new_length@std@@QEAA@AEBV01@@Z 0000000180011ad0 f i LIBCMT:throw_bad_alloc.obj
 0001:00010b10       ??0bad_array_new_length@std@@QEAA@XZ 0000000180011b10 f i LIBCMT:throw_bad_alloc.obj
 0001:00010b30       ?__scrt_throw_std_bad_alloc@@YAXXZ 0000000180011b30 f   LIBCMT:throw_bad_alloc.obj
 0001:00010b30       ?_Xbad_alloc@std@@YAXXZ    0000000180011b30 f   libcpmt:xthrow.obj
 0001:00010b50       ?__scrt_throw_std_bad_array_new_length@@YAXXZ 0000000180011b50 f   LIBCMT:throw_bad_alloc.obj
 0001:00010b70       __isa_available_init       0000000180011b70 f   LIBCMT:_cpu_disp_.obj
 0001:00010d38       __scrt_is_ucrt_dll_in_use  0000000180011d38 f   LIBCMT:ucrt_detection.obj
 0001:00010d44       __security_init_cookie     0000000180011d44 f   LIBCMT:gs_support.obj
 0001:00010df0       ?__scrt_initialize_type_info@@YAXXZ 0000000180011df0 f   LIBCMT:tncleanup.obj
 0001:00010e00       ?__scrt_uninitialize_type_info@@YAXXZ 0000000180011e00 f   LIBCMT:tncleanup.obj
 0001:00010e0c       __local_stdio_scanf_options 0000000180011e0c f i LIBCMT:default_local_stdio_options.obj
 0001:00010e14       __scrt_initialize_default_local_stdio_options 0000000180011e14 f   LIBCMT:default_local_stdio_options.obj
 0001:00010e30       __scrt_get_dyn_tls_init_callback 0000000180011e30 f   LIBCMT:dyn_tls_init.obj
 0001:00010e38       _RTC_Initialize            0000000180011e38 f   LIBCMT:_initsect_.obj
 0001:00010e84       _RTC_Terminate             0000000180011e84 f   LIBCMT:_initsect_.obj
 0001:00010ee0       memmove                    0000000180011ee0 f   libvcruntime:memcpy.obj
 0001:00010ee0       memcpy                     0000000180011ee0 f   libvcruntime:memcpy.obj
 0001:00011318       _purecall                  0000000180012318 f   libvcruntime:purevirt.obj
 0001:00011354       __DestructExceptionObject  0000000180012354 f   libvcruntime:frame.obj
 0001:000113dc       ??0bad_exception@std@@QEAA@AEBV01@@Z 00000001800123dc f i libvcruntime:frame.obj
 0001:0001141c       ??0bad_exception@std@@QEAA@XZ 000000018001241c f i libvcruntime:frame.obj
 0001:0001143c       ??_Elength_error@std@@UEAAPEAXI@Z 000000018001243c f i libcpmt:xthrow.obj
 0001:0001143c       ??_Gexception@std@@UEAAPEAXI@Z 000000018001243c f i libcpmt:xthrow.obj
 0001:0001143c       ??_Gbad_cast@std@@UEAAPEAXI@Z 000000018001243c f i libcpmt:cout.obj
 0001:0001143c       ??_Gout_of_range@std@@UEAAPEAXI@Z 000000018001243c f i libcpmt:xthrow.obj
 0001:0001143c       ??_Ebad_alloc@std@@UEAAPEAXI@Z 000000018001243c f i libcpmt:xthrow.obj
 0001:0001143c       ??_Gbad_alloc@std@@UEAAPEAXI@Z 000000018001243c f i libcpmt:xthrow.obj
 0001:0001143c       ??_Glength_error@std@@UEAAPEAXI@Z 000000018001243c f i libcpmt:xthrow.obj
 0001:0001143c       ??_Gbad_exception@std@@UEAAPEAXI@Z 000000018001243c f i libvcruntime:frame.obj
 0001:0001143c       ??_Ebad_exception@std@@UEAAPEAXI@Z 000000018001243c f i libvcruntime:frame.obj
 0001:0001143c       ??_Ebad_cast@std@@UEAAPEAXI@Z 000000018001243c f i libcpmt:cout.obj
 0001:0001143c       ??_Elogic_error@std@@UEAAPEAXI@Z 000000018001243c f i libcpmt:xthrow.obj
 0001:0001143c       ??_Eexception@std@@UEAAPEAXI@Z 000000018001243c f i libcpmt:xthrow.obj
 0001:0001143c       ??_Glogic_error@std@@UEAAPEAXI@Z 000000018001243c f i libcpmt:xthrow.obj
 0001:0001143c       ??_Ebad_array_new_length@std@@UEAAPEAXI@Z 000000018001243c f i LIBCMT:throw_bad_alloc.obj
 0001:0001143c       ??_Gbad_array_new_length@std@@UEAAPEAXI@Z 000000018001243c f i LIBCMT:throw_bad_alloc.obj
 0001:0001143c       ??_Eout_of_range@std@@UEAAPEAXI@Z 000000018001243c f i libcpmt:xthrow.obj
 0001:00011ddc       ?_CallMemberFunction0@@YAXPEAXP6AX0@Z@Z 0000000180012ddc f i libvcruntime:frame.obj
 0001:00011de0       ?_CallMemberFunction1@@YAXPEAXP6AX0@Z0@Z 0000000180012de0 f i libvcruntime:frame.obj
 0001:00011dec       ?_CallMemberFunction2@@YAXPEAXP6AX0@Z0H@Z 0000000180012dec f i libvcruntime:frame.obj
 0001:00011dfc       __AdjustPointer            0000000180012dfc f   libvcruntime:frame.obj
 0001:00011e20       __BuildCatchObject         0000000180012e20 f   libvcruntime:frame.obj
 0001:00011ee4       __BuildCatchObjectHelper   0000000180012ee4 f   libvcruntime:frame.obj
 0001:000120c4       __CxxCallCatchBlock        00000001800130c4 f   libvcruntime:frame.obj
 0001:000122b0       __FrameUnwindFilter        00000001800132b0 f   libvcruntime:frame.obj
 0001:000122fc       __FrameUnwindToState       00000001800132fc f   libvcruntime:frame.obj
 0001:00012490       __InternalCxxFrameHandler  0000000180013490 f   libvcruntime:frame.obj
 0001:000126e8       __TypeMatch                00000001800136e8 f   libvcruntime:frame.obj
 0001:00012828       __std_terminate            0000000180013828 f   libvcruntime:frame.obj
 0001:00012834       ?_ExecutionInCatch@@YAHPEAU_xDISPATCHER_CONTEXT@@PEBU_s_FuncInfo@@@Z 0000000180013834 f   libvcruntime:trnsctrl.obj
 0001:000128a8       ?_GetEstablisherFrame@@YAPEA_KPEA_KPEAU_xDISPATCHER_CONTEXT@@PEBU_s_FuncInfo@@0@Z 00000001800138a8 f   libvcruntime:trnsctrl.obj
 0001:00012974       ?_GetRangeOfTrysToCheck@@YAPEBU_s_TryBlockMapEntry@@PEA_KPEBU_s_FuncInfo@@HHPEAI2PEAU_xDISPATCHER_CONTEXT@@@Z 0000000180013974 f   libvcruntime:trnsctrl.obj
 0001:00012aa0       ?__FrameUnwindToEmptyState@@YAXPEA_KPEAU_xDISPATCHER_CONTEXT@@PEBU_s_FuncInfo@@@Z 0000000180013aa0 f   libvcruntime:trnsctrl.obj
 0001:00012b34       ?__SehTransFilter@@YAHPEAU_EXCEPTION_POINTERS@@PEAUEHExceptionRecord@@PEA_KPEAU_CONTEXT@@PEAU_xDISPATCHER_CONTEXT@@PEBU_s_FuncInfo@@PEAH@Z 0000000180013b34 f   libvcruntime:trnsctrl.obj
 0001:00012bcc       _CallSETranslator          0000000180013bcc f   libvcruntime:trnsctrl.obj
 0001:00012c24       _CreateFrameInfo           0000000180013c24 f   libvcruntime:trnsctrl.obj
 0001:00012c60       _FindAndUnlinkFrame        0000000180013c60 f   libvcruntime:trnsctrl.obj
 0001:00012cb8       _GetImageBase              0000000180013cb8 f   libvcruntime:trnsctrl.obj
 0001:00012ccc       _GetThrowImageBase         0000000180013ccc f   libvcruntime:trnsctrl.obj
 0001:00012ce0       _IsExceptionObjectToBeDestroyed 0000000180013ce0 f   libvcruntime:trnsctrl.obj
 0001:00012d10       _SetImageBase              0000000180013d10 f   libvcruntime:trnsctrl.obj
 0001:00012d28       _SetThrowImageBase         0000000180013d28 f   libvcruntime:trnsctrl.obj
 0001:00012d40       _UnwindNestedFrames        0000000180013d40 f   libvcruntime:trnsctrl.obj
 0001:00012e64       __CxxFrameHandler3         0000000180013e64 f   libvcruntime:trnsctrl.obj
 0001:00012ee4       __std_exception_copy       0000000180013ee4 f   libvcruntime:std_exception.obj
 0001:00012f74       __std_exception_destroy    0000000180013f74 f   libvcruntime:std_exception.obj
 0001:00012f9c       _CxxThrowException         0000000180013f9c f   libvcruntime:throw.obj
 0001:00013090       memset                     0000000180014090 f   libvcruntime:memset.obj
 0001:00013240       memcmp                     0000000180014240 f   libvcruntime:memcmp.obj
 0001:000134d0       __vcrt_FlsAlloc            00000001800144d0 f   libvcruntime:winapi_downlevel.obj
 0001:00013524       __vcrt_FlsFree             0000000180014524 f   libvcruntime:winapi_downlevel.obj
 0001:00013578       __vcrt_FlsGetValue         0000000180014578 f   libvcruntime:winapi_downlevel.obj
 0001:000135cc       __vcrt_FlsSetValue         00000001800145cc f   libvcruntime:winapi_downlevel.obj
 0001:00013634       __vcrt_InitializeCriticalSectionEx 0000000180014634 f   libvcruntime:winapi_downlevel.obj
 0001:000136ac       __vcrt_initialize_winapi_thunks 00000001800146ac f   libvcruntime:winapi_downlevel.obj
 0001:000136f8       __vcrt_uninitialize_winapi_thunks 00000001800146f8 f   libvcruntime:winapi_downlevel.obj
 0001:00013738       __vcrt_initialize          0000000180014738 f   libvcruntime:initialization.obj
 0001:0001376c       __vcrt_thread_attach       000000018001476c f   libvcruntime:initialization.obj
 0001:00013780       __vcrt_thread_detach       0000000180014780 f   libvcruntime:initialization.obj
 0001:00013794       __vcrt_uninitialize        0000000180014794 f   libvcruntime:initialization.obj
 0001:000137b4       __vcrt_uninitialize_critical 00000001800147b4 f   libvcruntime:initialization.obj
 0001:000137c4       __C_specific_handler       00000001800147c4 f   libvcruntime:_chandler_.obj
 0001:000139c0       __std_type_info_compare    00000001800149c0 f   libvcruntime:std_type_info.obj
 0001:000139e8       __std_type_info_destroy_list 00000001800149e8 f   libvcruntime:std_type_info.obj
 0001:00013a14       __vcrt_initialize_pure_virtual_call_handler 0000000180014a14 f   libvcruntime:purevirt_data.obj
 0001:00013a38       __vcrt_freefls             0000000180014a38 f   libvcruntime:per_thread_data.obj
 0001:00013a58       __vcrt_freeptd             0000000180014a58 f   libvcruntime:per_thread_data.obj
 0001:00013aa8       __vcrt_getptd              0000000180014aa8 f   libvcruntime:per_thread_data.obj
 0001:00013ac4       __vcrt_getptd_noexit       0000000180014ac4 f   libvcruntime:per_thread_data.obj
 0001:00013b7c       __vcrt_initialize_ptd      0000000180014b7c f   libvcruntime:per_thread_data.obj
 0001:00013bbc       __vcrt_uninitialize_ptd    0000000180014bbc f   libvcruntime:per_thread_data.obj
 0001:00013be0       ?__GetCurrentState@@YAHPEA_KPEAU_xDISPATCHER_CONTEXT@@PEBU_s_FuncInfo@@@Z 0000000180014be0 f   libvcruntime:ehstate.obj
 0001:00013c08       ?__GetUnwindTryBlock@@YAHPEA_KPEAU_xDISPATCHER_CONTEXT@@PEBU_s_FuncInfo@@@Z 0000000180014c08 f   libvcruntime:ehstate.obj
 0001:00013c34       ?__SetState@@YAXPEA_KPEAU_xDISPATCHER_CONTEXT@@PEBU_s_FuncInfo@@H@Z 0000000180014c34 f   libvcruntime:ehstate.obj
 0001:00013c40       ?__SetUnwindTryBlock@@YAXPEA_KPEAU_xDISPATCHER_CONTEXT@@PEBU_s_FuncInfo@@H@Z 0000000180014c40 f   libvcruntime:ehstate.obj
 0001:00013c7c       ?__StateFromControlPc@@YAHPEBU_s_FuncInfo@@PEAU_xDISPATCHER_CONTEXT@@@Z 0000000180014c7c f   libvcruntime:ehstate.obj
 0001:00013c84       ?__StateFromIp@@YAHPEBU_s_FuncInfo@@PEAU_xDISPATCHER_CONTEXT@@_J@Z 0000000180014c84 f   libvcruntime:ehstate.obj
 0001:00013d00       _CallSettingFrame          0000000180014d00 f   libvcruntime:handlers.obj
 0001:00013d50       _local_unwind              0000000180014d50 f   libvcruntime:_jmpuwind_.obj
 0001:00013d80       _NLG_Notify                0000000180014d80 f   libvcruntime:_jmpuwind_.obj
 0001:00013da0       __NLG_Dispatch2            0000000180014da0 f   libvcruntime:_jmpuwind_.obj
 0001:00013db0       __NLG_Return2              0000000180014db0 f   libvcruntime:_jmpuwind_.obj
 0001:00013db4       __vcrt_initialize_locks    0000000180014db4 f   libvcruntime:locks.obj
 0001:00013dfc       __vcrt_uninitialize_locks  0000000180014dfc f   libvcruntime:locks.obj
 0001:00013e34       abort                      0000000180014e34 f   libucrt:abort.obj
 0001:00013e8c       __acrt_call_reportfault    0000000180014e8c f   libucrt:invalid_parameter.obj
 0001:00013fe8       __acrt_initialize_invalid_parameter_handler 0000000180014fe8 f   libucrt:invalid_parameter.obj
 0001:00013ff0       _invalid_parameter         0000000180014ff0 f   libucrt:invalid_parameter.obj
 0001:00014098       _invalid_parameter_noinfo  0000000180015098 f   libucrt:invalid_parameter.obj
 0001:000140b8       _invalid_parameter_noinfo_noreturn 00000001800150b8 f   libucrt:invalid_parameter.obj
 0001:000140e8       _invoke_watson             00000001800150e8 f   libucrt:invalid_parameter.obj
 0001:00014130       ??$?RV<lambda_7b91131dde12e1c3dfc74ff76b3f2eac>@@AEAV<lambda_dd75445284c072d0bd3768540cc698fa>@@V<lambda_16bc4ecb55b4718497c16bceaea2ceaf>@@@?$__crt_seh_guarded_call@H@@QEAAH$$QEAV<lambda_7b91131dde12e1c3dfc74ff76b3f2eac>@@AEAV<lambda_dd75445284c072d0bd3768540cc698fa>@@$$QEAV<lambda_16bc4ecb55b4718497c16bceaea2ceaf>@@@Z 0000000180015130 f i libucrt:output.obj
 0001:00014170       ??$ensure_buffer_is_big_enough@D@formatting_buffer@__crt_stdio_output@@QEAA_N_K@Z 0000000180015170 f i libucrt:output.obj
 0001:0001421c       ??$is_wide_character_specifier@_W@__crt_stdio_output@@YA_N_K_WW4length_modifier@0@@Z 000000018001521c f i libucrt:output.obj
 0001:00014260       ??$type_case_integer_parse_into_buffer@I@?$output_processor@_WV?$string_output_adapter@_W@__crt_stdio_output@@V?$standard_base@_WV?$string_output_adapter@_W@__crt_stdio_output@@@2@@__crt_stdio_output@@AEAAXII_N@Z 0000000180015260 f i libucrt:output.obj
 0001:00014260       ??$type_case_integer_parse_into_buffer@I@?$output_processor@_WV?$stream_output_adapter@_W@__crt_stdio_output@@V?$standard_base@_WV?$stream_output_adapter@_W@__crt_stdio_output@@@2@@__crt_stdio_output@@AEAAXII_N@Z 0000000180015260 f i libucrt:output.obj
 0001:000142fc       ??$type_case_integer_parse_into_buffer@_K@?$output_processor@_WV?$string_output_adapter@_W@__crt_stdio_output@@V?$standard_base@_WV?$string_output_adapter@_W@__crt_stdio_output@@@2@@__crt_stdio_output@@AEAAX_KI_N@Z 00000001800152fc f i libucrt:output.obj
 0001:000142fc       ??$type_case_integer_parse_into_buffer@_K@?$output_processor@_WV?$stream_output_adapter@_W@__crt_stdio_output@@V?$standard_base@_WV?$stream_output_adapter@_W@__crt_stdio_output@@@2@@__crt_stdio_output@@AEAAX_KI_N@Z 00000001800152fc f i libucrt:output.obj
 0001:00014398       ??$write_multiple_characters@V?$stream_output_adapter@_W@__crt_stdio_output@@D@__crt_stdio_output@@YAXAEBV?$stream_output_adapter@_W@0@DHQEAH@Z 0000000180015398 f i libucrt:output.obj
 0001:00014428       ??$write_multiple_characters@V?$string_output_adapter@_W@__crt_stdio_output@@D@__crt_stdio_output@@YAXAEBV?$string_output_adapter@_W@0@DHQEAH@Z 0000000180015428 f i libucrt:output.obj
 0001:00014498       ??0?$output_processor@_WV?$string_output_adapter@_W@__crt_stdio_output@@V?$standard_base@_WV?$string_output_adapter@_W@__crt_stdio_output@@@2@@__crt_stdio_output@@QEAA@AEBV?$string_output_adapter@_W@1@_KQEB_WQEAU__crt_locale_pointers@@QEAD@Z 0000000180015498 f i libucrt:output.obj
 0001:00014498       ??0?$output_processor@_WV?$stream_output_adapter@_W@__crt_stdio_output@@V?$standard_base@_WV?$stream_output_adapter@_W@__crt_stdio_output@@@2@@__crt_stdio_output@@QEAA@AEBV?$stream_output_adapter@_W@1@_KQEB_WQEAU__crt_locale_pointers@@QEAD@Z 0000000180015498 f i libucrt:output.obj
 0001:00014518       ??0_LocaleUpdate@@QEAA@QEAU__crt_locale_pointers@@@Z 0000000180015518 f i libucrt:output.obj
 0001:00014698       ?force_decimal_point@__crt_stdio_output@@YAXPEADQEAU__crt_locale_pointers@@@Z 0000000180015698 f i libucrt:output.obj
 0001:00014708       ?parse_int_from_format_string@?$output_processor@_WV?$stream_output_adapter@_W@__crt_stdio_output@@V?$standard_base@_WV?$stream_output_adapter@_W@__crt_stdio_output@@@2@@__crt_stdio_output@@AEAA_NQEAH@Z 0000000180015708 f i libucrt:output.obj
 0001:00014708       ?parse_int_from_format_string@?$output_processor@_WV?$string_output_adapter@_W@__crt_stdio_output@@V?$standard_base@_WV?$string_output_adapter@_W@__crt_stdio_output@@@2@@__crt_stdio_output@@AEAA_NQEAH@Z 0000000180015708 f i libucrt:output.obj
 0001:00014788       ?process@?$output_processor@_WV?$stream_output_adapter@_W@__crt_stdio_output@@V?$standard_base@_WV?$stream_output_adapter@_W@__crt_stdio_output@@@2@@__crt_stdio_output@@QEAAHXZ 0000000180015788 f i libucrt:output.obj
 0001:00014a00       ?process@?$output_processor@_WV?$string_output_adapter@_W@__crt_stdio_output@@V?$standard_base@_WV?$string_output_adapter@_W@__crt_stdio_output@@@2@@__crt_stdio_output@@QEAAHXZ 0000000180015a00 f i libucrt:output.obj
 0001:00014c7c       ?state_case_size@?$output_processor@_WV?$stream_output_adapter@_W@__crt_stdio_output@@V?$standard_base@_WV?$stream_output_adapter@_W@__crt_stdio_output@@@2@@__crt_stdio_output@@AEAA_NXZ 0000000180015c7c f i libucrt:output.obj
 0001:00014e20       ?state_case_size@?$output_processor@_WV?$string_output_adapter@_W@__crt_stdio_output@@V?$standard_base@_WV?$string_output_adapter@_W@__crt_stdio_output@@@2@@__crt_stdio_output@@AEAA_NXZ 0000000180015e20 f i libucrt:output.obj
 0001:00014fc4       ?state_case_type@?$output_processor@_WV?$stream_output_adapter@_W@__crt_stdio_output@@V?$standard_base@_WV?$stream_output_adapter@_W@__crt_stdio_output@@@2@@__crt_stdio_output@@AEAA_NXZ 0000000180015fc4 f i libucrt:output.obj
 0001:00015290       ?state_case_type@?$output_processor@_WV?$string_output_adapter@_W@__crt_stdio_output@@V?$standard_base@_WV?$string_output_adapter@_W@__crt_stdio_output@@@2@@__crt_stdio_output@@AEAA_NXZ 0000000180016290 f i libucrt:output.obj
 0001:0001555c       ?type_case_Z@?$output_processor@_WV?$stream_output_adapter@_W@__crt_stdio_output@@V?$standard_base@_WV?$stream_output_adapter@_W@__crt_stdio_output@@@2@@__crt_stdio_output@@AEAA_NXZ 000000018001655c f i libucrt:output.obj
 0001:0001555c       ?type_case_Z@?$output_processor@_WV?$string_output_adapter@_W@__crt_stdio_output@@V?$standard_base@_WV?$string_output_adapter@_W@__crt_stdio_output@@@2@@__crt_stdio_output@@AEAA_NXZ 000000018001655c f i libucrt:output.obj
 0001:000155dc       ?type_case_a@?$output_processor@_WV?$string_output_adapter@_W@__crt_stdio_output@@V?$standard_base@_WV?$string_output_adapter@_W@__crt_stdio_output@@@2@@__crt_stdio_output@@AEAA_NXZ 00000001800165dc f i libucrt:output.obj
 0001:000155dc       ?type_case_a@?$output_processor@_WV?$stream_output_adapter@_W@__crt_stdio_output@@V?$standard_base@_WV?$stream_output_adapter@_W@__crt_stdio_output@@@2@@__crt_stdio_output@@AEAA_NXZ 00000001800165dc f i libucrt:output.obj
 0001:00015820       ?type_case_c_tchar@?$output_processor@_WV?$string_output_adapter@_W@__crt_stdio_output@@V?$standard_base@_WV?$string_output_adapter@_W@__crt_stdio_output@@@2@@__crt_stdio_output@@AEAA_N_W@Z 0000000180016820 f i libucrt:output.obj
 0001:00015820       ?type_case_c_tchar@?$output_processor@_WV?$stream_output_adapter@_W@__crt_stdio_output@@V?$standard_base@_WV?$stream_output_adapter@_W@__crt_stdio_output@@@2@@__crt_stdio_output@@AEAA_N_W@Z 0000000180016820 f i libucrt:output.obj
 0001:000158c8       ?type_case_integer@?$output_processor@_WV?$string_output_adapter@_W@__crt_stdio_output@@V?$standard_base@_WV?$string_output_adapter@_W@__crt_stdio_output@@@2@@__crt_stdio_output@@AEAA_NI_N@Z 00000001800168c8 f i libucrt:output.obj
 0001:000158c8       ?type_case_integer@?$output_processor@_WV?$stream_output_adapter@_W@__crt_stdio_output@@V?$standard_base@_WV?$stream_output_adapter@_W@__crt_stdio_output@@@2@@__crt_stdio_output@@AEAA_NI_N@Z 00000001800168c8 f i libucrt:output.obj
 0001:00015a68       ?type_case_n@?$output_processor@_WV?$string_output_adapter@_W@__crt_stdio_output@@V?$standard_base@_WV?$string_output_adapter@_W@__crt_stdio_output@@@2@@__crt_stdio_output@@AEAA_NXZ 0000000180016a68 f i libucrt:output.obj
 0001:00015a68       ?type_case_n@?$output_processor@_WV?$stream_output_adapter@_W@__crt_stdio_output@@V?$standard_base@_WV?$stream_output_adapter@_W@__crt_stdio_output@@@2@@__crt_stdio_output@@AEAA_NXZ 0000000180016a68 f i libucrt:output.obj
 0001:00015b44       ?type_case_s@?$output_processor@_WV?$string_output_adapter@_W@__crt_stdio_output@@V?$standard_base@_WV?$string_output_adapter@_W@__crt_stdio_output@@@2@@__crt_stdio_output@@AEAA_NXZ 0000000180016b44 f i libucrt:output.obj
 0001:00015b44       ?type_case_s@?$output_processor@_WV?$stream_output_adapter@_W@__crt_stdio_output@@V?$standard_base@_WV?$stream_output_adapter@_W@__crt_stdio_output@@@2@@__crt_stdio_output@@AEAA_NXZ 0000000180016b44 f i libucrt:output.obj
 0001:00015c0c       ?write_stored_string_tchar@?$output_processor@_WV?$stream_output_adapter@_W@__crt_stdio_output@@V?$standard_base@_WV?$stream_output_adapter@_W@__crt_stdio_output@@@2@@__crt_stdio_output@@AEAA_N_W@Z 0000000180016c0c f i libucrt:output.obj
 0001:00015cf8       ?write_stored_string_tchar@?$output_processor@_WV?$string_output_adapter@_W@__crt_stdio_output@@V?$standard_base@_WV?$string_output_adapter@_W@__crt_stdio_output@@@2@@__crt_stdio_output@@AEAA_N_W@Z 0000000180016cf8 f i libucrt:output.obj
 0001:00015de8       ?write_string@?$stream_output_adapter@_W@__crt_stdio_output@@QEBAXQEB_WHQEAH1@Z 0000000180016de8 f i libucrt:output.obj
 0001:00015ef4       ?write_string@?$string_output_adapter@_W@__crt_stdio_output@@QEBAXQEB_WHQEAH1@Z 0000000180016ef4 f i libucrt:output.obj
 0001:00015fb4       __stdio_common_vfwprintf   0000000180016fb4 f   libucrt:output.obj
 0001:00016040       __stdio_common_vswprintf   0000000180017040 f   libucrt:output.obj
 0001:00016278       free                       0000000180017278 f   libucrt:free.obj
 0001:00016c68       ??$ftprintf@PEAU_iobuf@@PEB_WAEBQEB_WAEBQEB_WAEBI@?$__crt_char_traits@_W@@SAH$$QEAPEAU_iobuf@@$$QEAPEB_WAEBQEB_W2AEBI@Z 0000000180017c68 f i libucrt:assert.obj
 0001:00016c90       _wassert                   0000000180017c90 f   libucrt:assert.obj
 0001:00016d14       fwprintf                   0000000180017d14 f i libucrt:assert.obj
 0001:00016d58       swprintf                   0000000180017d58 f i libucrt:assert.obj
 0001:00016dac       malloc                     0000000180017dac f   libucrt:malloc.obj
 0001:00016fe4       __acrt_initialize_thread_local_exit_callback 0000000180017fe4 f   libucrt:exit.obj
 0001:00016fec       _cexit                     0000000180017fec f   libucrt:exit.obj
 0001:00016ffc       _exit                      0000000180017ffc f   libucrt:exit.obj
 0001:00017008       _is_c_termination_complete 0000000180018008 f   libucrt:exit.obj
 0001:00017010       exit                       0000000180018010 f   libucrt:exit.obj
 0001:0001701c       __acrt_initialize_locks    000000018001801c f   libucrt:locks.obj
 0001:00017064       __acrt_lock                0000000180018064 f   libucrt:locks.obj
 0001:00017080       __acrt_uninitialize_locks  0000000180018080 f   libucrt:locks.obj
 0001:000170b8       __acrt_unlock              00000001800180b8 f   libucrt:locks.obj
 0001:000170d4       _lock_locales              00000001800180d4 f   libucrt:locks.obj
 0001:000170e4       _unlock_locales            00000001800180e4 f   libucrt:locks.obj
 0001:000171dc       setlocale                  00000001800181dc f   libucrt:setlocale.obj
 0001:000173a8       _calloc_base               00000001800183a8 f   libucrt:calloc_base.obj
 0001:00017420       __pctype_func              0000000180018420 f   libucrt:ctype.obj
 0001:00017450       isdigit                    0000000180018450 f i libucrt:_ctype.obj
 0001:000174c4       islower                    00000001800184c4 f i libucrt:_ctype.obj
 0001:00017538       isupper                    0000000180018538 f i libucrt:_ctype.obj
 0001:000175ac       _wcsdup                    00000001800185ac f   libucrt:wcsdup.obj
 0001:00017630       ___lc_codepage_func        0000000180018630 f   libucrt:initctype.obj
 0001:00017660       ___lc_locale_name_func     0000000180018660 f   libucrt:initctype.obj
 0001:00017694       __acrt_locale_initialize_ctype 0000000180018694 f   libucrt:initctype.obj
 0001:00017c68       __acrt_errno_from_os_error 0000000180018c68 f   libucrt:errno.obj
 0001:00017cb0       __acrt_errno_map_os_error  0000000180018cb0 f   libucrt:errno.obj
 0001:00017d00       __doserrno                 0000000180018d00 f   libucrt:errno.obj
 0001:00017d20       _errno                     0000000180018d20 f   libucrt:errno.obj
 0001:00017db8       _ismbblead                 0000000180018db8 f   libucrt:ismbbyte.obj
 0001:00017dcc       __acrt_initialize_stdio    0000000180018dcc f   libucrt:_file.obj
 0001:00017eec       __acrt_iob_func            0000000180018eec f   libucrt:_file.obj
 0001:00017f00       __acrt_uninitialize_stdio  0000000180018f00 f   libucrt:_file.obj
 0001:00017f5c       _get_stream_buffer_pointers 0000000180018f5c f   libucrt:_file.obj
 0001:00017fa4       _lock_file                 0000000180018fa4 f   libucrt:_file.obj
 0001:00017fb0       _unlock_file               0000000180018fb0 f   libucrt:_file.obj
 0001:00017fbc       _fclose_nolock             0000000180018fbc f   libucrt:fclose.obj
 0001:00018040       fclose                     0000000180019040 f   libucrt:fclose.obj
 0001:000180ac       __acrt_stdio_flush_nolock  00000001800190ac f   libucrt:fflush.obj
 0001:00018124       _fflush_nolock             0000000180019124 f   libucrt:fflush.obj
 0001:00018170       _flushall                  0000000180019170 f   libucrt:fflush.obj
 0001:00018260       fflush                     0000000180019260 f   libucrt:fflush.obj
 0001:000182a4       _fgetc_nolock              00000001800192a4 f   libucrt:fgetc.obj
 0001:000182e8       fgetc                      00000001800192e8 f   libucrt:fgetc.obj
 0001:000183ec       fgetpos                    00000001800193ec f   libucrt:fgetpos.obj
 0001:00018438       _fputc_nolock              0000000180019438 f   libucrt:fputc.obj
 0001:00018450       fputc                      0000000180019450 f   libucrt:fputc.obj
 0001:00018570       fsetpos                    0000000180019570 f   libucrt:fsetpos.obj
 0001:0001881c       _fseeki64                  000000018001981c f   libucrt:fseek.obj
 0001:00018824       ??$?RV<lambda_5d4c3fee44080f75d5d9762853974fe0>@@AEAV<lambda_532e024f4337e6fc7ad266c2bef9f4ed>@@V<lambda_c87bdc10097eb2402edb8ba9bdf0697b>@@@?$__crt_seh_guarded_call@_K@@QEAA_K$$QEAV<lambda_5d4c3fee44080f75d5d9762853974fe0>@@AEAV<lambda_532e024f4337e6fc7ad266c2bef9f4ed>@@$$QEAV<lambda_c87bdc10097eb2402edb8ba9bdf0697b>@@@Z 0000000180019824 f i libucrt:fwrite.obj
 0001:000188c8       _fwrite_nolock             00000001800198c8 f   libucrt:fwrite.obj
 0001:00018a64       fwrite                     0000000180019a64 f   libucrt:fwrite.obj
 0001:00018ae8       ??$?RV<lambda_7a5ef57ff966f610505f1d28a3d40618>@@AEAV<lambda_b721fa326cdb32351d23dfa67958c160>@@V<lambda_5e0fb27672408a07956fe59e48ccb2aa>@@@?$__crt_seh_guarded_call@H@@QEAAH$$QEAV<lambda_7a5ef57ff966f610505f1d28a3d40618>@@AEAV<lambda_b721fa326cdb32351d23dfa67958c160>@@$$QEAV<lambda_5e0fb27672408a07956fe59e48ccb2aa>@@@Z 0000000180019ae8 f i libucrt:setvbuf.obj
 0001:00018c18       setvbuf                    0000000180019c18 f   libucrt:setvbuf.obj
 0001:00018cb8       _ungetc_nolock             0000000180019cb8 f   libucrt:ungetc.obj
 0001:00018dc8       ungetc                     0000000180019dc8 f   libucrt:ungetc.obj
 0001:00018e28       _malloc_base               0000000180019e28 f   libucrt:malloc_base.obj
 0001:00018e88       _realloc_base              0000000180019e88 f   libucrt:realloc_base.obj
 0001:00018f0c       ??$make_c_string_character_source@_W$$T@__crt_strtox@@YA?AV?$c_string_character_source@_W@0@QEB_W$$T@Z 0000000180019f0c f i libucrt:atox.obj
 0001:00018f0c       ??$make_c_string_character_source@_WPEAPEA_W@__crt_strtox@@YA?AV?$c_string_character_source@_W@0@QEB_WQEAPEA_W@Z 0000000180019f0c f i libucrt:strtod.obj
 0001:00018f20       ?divide@__crt_strtox@@YA_KAEAUbig_integer@1@AEBU21@@Z 0000000180019f20 f i libucrt:strtod.obj
 0001:00019480       pow                        000000018001a480 f   libucrt:pow.obj
 0001:0001ab20       powf                       000000018001bb20 f   libucrt:powf.obj
 0001:0001b9e8       __strncnt                  000000018001c9e8 f   libucrt:strncnt.obj
 0001:0001ba00       _free_base                 000000018001ca00 f   libucrt:free_base.obj
 0001:0001ba90       _tolower_l                 000000018001ca90 f   libucrt:tolower_toupper.obj
 0001:0001bbd0       tolower                    000000018001cbd0 f   libucrt:tolower_toupper.obj
 0001:0001bbfc       wcscpy_s                   000000018001cbfc f   libucrt:wcscpy_s.obj
 0001:0001bc64       wcsnlen                    000000018001cc64 f   libucrt:strnlen.obj
 0001:0001be54       __acrt_initialize_new_handler 000000018001ce54 f   libucrt:new_handler.obj
 0001:0001be5c       _callnewh                  000000018001ce5c f   libucrt:new_handler.obj
 0001:0001be9c       _query_new_handler         000000018001ce9c f   libucrt:new_handler.obj
 0001:0001bed0       _seh_filter_dll            000000018001ced0 f   libucrt:exception_filter.obj
 0001:0001bee4       _seh_filter_exe            000000018001cee4 f   libucrt:exception_filter.obj
 0001:0001c230       __acrt_allocate_buffer_for_argv 000000018001d230 f   libucrt:argv_parsing.obj
 0001:0001c294       _configure_narrow_argv     000000018001d294 f   libucrt:argv_parsing.obj
 0001:0001c5f0       __dcrt_uninitialize_environments_nolock 000000018001d5f0 f   libucrt:environment_initialization.obj
 0001:0001c628       _initialize_narrow_environment 000000018001d628 f   libucrt:environment_initialization.obj
 0001:0001c630       ??$?RV<lambda_b8c45f8f788dd370798f47cfe8ac3a86>@@AEAV<lambda_4e60a939b0d047cfe11ddc22648dfba9>@@V<lambda_332c3edc96d0294ec56c57d38c1cdfd5>@@@?$__crt_seh_guarded_call@H@@QEAAH$$QEAV<lambda_b8c45f8f788dd370798f47cfe8ac3a86>@@AEAV<lambda_4e60a939b0d047cfe11ddc22648dfba9>@@$$QEAV<lambda_332c3edc96d0294ec56c57d38c1cdfd5>@@@Z 000000018001d630 f i libucrt:onexit.obj
 0001:0001c66c       ??$?RV<lambda_e24bbb7b643b32fcea6fa61b31d4c984>@@AEAV<lambda_275893d493268fdec8709772e3fcec0e>@@V<lambda_9d71df4d7cf3f480f8d633942495c3b0>@@@?$__crt_seh_guarded_call@H@@QEAAH$$QEAV<lambda_e24bbb7b643b32fcea6fa61b31d4c984>@@AEAV<lambda_275893d493268fdec8709772e3fcec0e>@@$$QEAV<lambda_9d71df4d7cf3f480f8d633942495c3b0>@@@Z 000000018001d66c f i libucrt:onexit.obj
 0001:0001c9e8       _crt_atexit                000000018001d9e8 f   libucrt:onexit.obj
 0001:0001c9f8       _execute_onexit_table      000000018001d9f8 f   libucrt:onexit.obj
 0001:0001ca34       _initialize_onexit_table   000000018001da34 f   libucrt:onexit.obj
 0001:0001ca74       _register_onexit_function  000000018001da74 f   libucrt:onexit.obj
 0001:0001cbf0       ?do_always_noconv@?$codecvt@DDU_Mbstatet@@@std@@MEBA_NXZ 000000018001dbf0 f   libcpmt:cout.obj
 0001:0001cbf0       __acrt_uninitialize_command_line 000000018001dbf0 f   libucrt:argv_data.obj
 0001:0001cbf4       __acrt_initialize          000000018001dbf4 f   libucrt:initialization.obj
 0001:0001cc08       __acrt_thread_attach       000000018001dc08 f   libucrt:initialization.obj
 0001:0001cc1c       __acrt_thread_detach       000000018001dc1c f   libucrt:initialization.obj
 0001:0001cc2c       __acrt_uninitialize        000000018001dc2c f   libucrt:initialization.obj
 0001:0001cc40       __acrt_uninitialize_critical 000000018001dc40 f   libucrt:initialization.obj
 0001:0001cc50       terminate                  000000018001dc50 f   libucrt:terminate.obj
 0001:0001cc78       _initterm                  000000018001dc78 f   libucrt:initterm.obj
 0001:0001ccf0       _initterm_e                000000018001dcf0 f   libucrt:initterm.obj
 0001:0001cd3c       strcpy_s                   000000018001dd3c f   libucrt:strcpy_s.obj
 0001:0001cd9c       ??$is_overflow_condition@K@__crt_strtox@@YA_NIK@Z 000000018001dd9c f i libucrt:atox.obj
 0001:0001cdc8       ??$parse_integer@KV?$c_string_character_source@_W@__crt_strtox@@@__crt_strtox@@YAKQEAU__crt_locale_pointers@@V?$c_string_character_source@_W@0@H_N@Z 000000018001ddc8 f i libucrt:atox.obj
 0001:0001d49c       _wtol                      000000018001e49c f   libucrt:atox.obj
 0001:0001d4c8       ??$?RV<lambda_c36588078e9f5dfd39652860aa6b3aaf>@@AEAV<lambda_ec61778202f4f5fc7e7711acc23c3bca>@@V<lambda_dc9d2797ccde5d239b4a0efae8ebd7db>@@@?$__crt_seh_guarded_call@P6AXH@Z@@QEAAP6AXH@Z$$QEAV<lambda_c36588078e9f5dfd39652860aa6b3aaf>@@AEAV<lambda_ec61778202f4f5fc7e7711acc23c3bca>@@$$QEAV<lambda_dc9d2797ccde5d239b4a0efae8ebd7db>@@@Z 000000018001e4c8 f i libucrt:signal.obj
 0001:0001d510       __acrt_get_sigabrt_handler 000000018001e510 f   libucrt:signal.obj
 0001:0001d540       __acrt_initialize_signal_handlers 000000018001e540 f   libucrt:signal.obj
 0001:0001d560       raise                      000000018001e560 f   libucrt:signal.obj
 0001:0001d7fc       ??$?RV<lambda_46352004c1216016012b18bd6f87e700>@@AEAV<lambda_3bd07e1a1191394380780325891bf33f>@@V<lambda_334532d3f185bcaa59b5be82d7d22bff>@@@?$__crt_seh_guarded_call@X@@QEAAX$$QEAV<lambda_46352004c1216016012b18bd6f87e700>@@AEAV<lambda_3bd07e1a1191394380780325891bf33f>@@$$QEAV<lambda_334532d3f185bcaa59b5be82d7d22bff>@@@Z 000000018001e7fc f i libucrt:per_thread_data.obj
 0001:0001d85c       ??$?RV<lambda_5e887d1dcbef67a5eb4283622ba103bf>@@AEAV<lambda_4466841279450cc726390878d4a41900>@@V<lambda_341c25c0346d94847f1f3c463c57e077>@@@?$__crt_seh_guarded_call@X@@QEAAX$$QEAV<lambda_5e887d1dcbef67a5eb4283622ba103bf>@@AEAV<lambda_4466841279450cc726390878d4a41900>@@$$QEAV<lambda_341c25c0346d94847f1f3c463c57e077>@@@Z 000000018001e85c f i libucrt:per_thread_data.obj
[...]
 0004:00002778       $pdata$?dtor$0@?0??_Reallocate@?$vector@V?$Point_@M@cv@@V?$allocator@V?$Point_@M@cv@@@std@@@std@@IEAAX_K@Z@4HA 0000000180051778     CamScribbleWrap.obj
 0004:00002784       $pdata$?dtor$0@?0???$_Integral_to_string@DH@std@@YA?AV?$basic_string@DU?$char_traits@D@std@@V?$allocator@D@2@@0@H@Z@4HA 0000000180051784     CamScribbleWrap.obj
 0004:00002790       $pdata$?dtor$1@?0??New@Matrix@@SAXAEBV?$FunctionCallbackInfo@VValue@v8@@@Nan@@@Z@4HA 0000000180051790     Matrix.obj
 0004:0000279c       $pdata$?dtor$0@?0???0?$basic_ostream@DU?$char_traits@D@std@@@std@@QEAA@PEAV?$basic_streambuf@DU?$char_traits@D@std@@@1@_N@Z@4HA 000000018005179c     libcpmt:cout.obj
 0004:000027a8       $pdata$?dtor$0@?0??_Getcat@?$codecvt@DDU_Mbstatet@@@std@@SA_KPEAPEBVfacet@locale@2@PEBV42@@Z@4HA 00000001800517a8     libcpmt:cout.obj
 0004:000027b4       $pdata$__scrt_is_nonwritable_in_current_image$filt$0 00000001800517b4     LIBCMT:utility.obj
 0004:000027c0       $pdata$?fin$0@?0???_M@YAXPEAX_K1P6AX0@Z@Z@4HA 00000001800517c0     LIBCMT:ehvecdtr.obj
 0004:000027cc       $pdata$?filt$0@?0??__ArrayUnwind@@YAXPEAX_K1P6AX0@Z@Z@4HA 00000001800517cc     LIBCMT:ehvecdtr.obj
 0004:000027d8       $pdata$?fin$0@?0???_L@YAXPEAX_K1P6AX0@Z2@Z@4HA 00000001800517d8     LIBCMT:ehvecctr.obj
 0004:000027e4       $pdata$?fin$0@?0??dllmain_crt_process_attach@@YAHQEAUHINSTANCE__@@QEAX@Z@4HA 00000001800517e4     LIBCMT:dll_dllmain.obj
 0004:000027f0       $pdata$?fin$0@?0??dllmain_crt_process_detach@@YAH_N@Z@4HA 00000001800517f0     LIBCMT:dll_dllmain.obj
 0004:000027fc       $pdata$?filt$0@?0??dllmain_dispatch@@YAHQEAUHINSTANCE__@@KQEAX@Z@4HA 00000001800517fc     LIBCMT:dll_dllmain.obj
 0004:00002808       $pdata$__CxxCallCatchBlock$filt$0 0000000180051808     libvcruntime:frame.obj
 0004:00002814       $pdata$__CxxCallCatchBlock$fin$1 0000000180051814     libvcruntime:frame.obj
 0004:00002820       $pdata$__DestructExceptionObject$filt$0 0000000180051820     libvcruntime:frame.obj
 0004:0000282c       $pdata$__FrameUnwindToState$filt$0 000000018005182c     libvcruntime:frame.obj
 0004:00002838       $pdata$__FrameUnwindToState$fin$1 0000000180051838     libvcruntime:frame.obj
 0004:00002844       $pdata$_CallSETranslator$filt$0 0000000180051844     libvcruntime:trnsctrl.obj
 0004:00002850       $pdata$?filt$0@?0??common_exit@@YAXHW4_crt_exit_cleanup_mode@@W4_crt_exit_return_mode@@@Z@4HA 0000000180051850     libucrt:exit.obj
 0004:0000285c       $pdata$?fin$1@?0??common_exit@@YAXHW4_crt_exit_cleanup_mode@@W4_crt_exit_return_mode@@@Z@4HA 000000018005185c     libucrt:exit.obj
 0004:00002868       $pdata$setlocale$fin$0     0000000180051868     libucrt:setlocale.obj
 0004:00002874       $pdata$common_flush_all$fin$0 0000000180051874     libucrt:fflush.obj
 0004:00002880       $pdata$common_flush_all$fin$1 0000000180051880     libucrt:fflush.obj
 0004:0000288c       $pdata$fflush$fin$0        000000018005188c     libucrt:fflush.obj
 0004:0000288c       $pdata$fclose$fin$0        000000018005188c     libucrt:fclose.obj
 0004:00002898       $pdata$fgetc$fin$0         0000000180051898     libucrt:fgetc.obj
 0004:000028a4       $pdata$fputc$fin$0         00000001800518a4     libucrt:fputc.obj
 0004:000028b0       $pdata$?fin$0@?0??common_fseek@@YAHV__crt_stdio_stream@@_JH@Z@4HA 00000001800518b0     libucrt:fseek.obj
 0004:000028b0       $pdata$?fin$0@?0???$common_ftell@_J@@YA_JV__crt_stdio_stream@@@Z@4HA 00000001800518b0     libucrt:ftell.obj
 0004:000028bc       $pdata$?fin$0@?0???$?RV<lambda_7b91131dde12e1c3dfc74ff76b3f2eac>@@AEAV<lambda_dd75445284c072d0bd3768540cc698fa>@@V<lambda_16bc4ecb55b4718497c16bceaea2ceaf>@@@?$__crt_seh_guarded_call@H@@QEAAH$$QEAV<lambda_7b91131dde12e1c3dfc74ff76b3f2eac>@@AEAV<lambda_dd75445284c072d0bd3768540cc698fa>@@$$QEAV<lambda_16bc4ecb55b4718497c16bceaea2ceaf>@@@Z@4HA 00000001800518bc     libucrt:output.obj
 0004:000028bc       $pdata$?fin$0@?0???$?RV<lambda_5d4c3fee44080f75d5d9762853974fe0>@@AEAV<lambda_532e024f4337e6fc7ad266c2bef9f4ed>@@V<lambda_c87bdc10097eb2402edb8ba9bdf0697b>@@@?$__crt_seh_guarded_call@_K@@QEAA_K$$QEAV<lambda_5d4c3fee44080f75d5d9762853974fe0>@@AEAV<lambda_532e024f4337e6fc7ad266c2bef9f4ed>@@$$QEAV<lambda_c87bdc10097eb2402edb8ba9bdf0697b>@@@Z@4HA 00000001800518bc     libucrt:fwrite.obj
 0004:000028bc       $pdata$?fin$0@?0???$?RV<lambda_7a5ef57ff966f610505f1d28a3d40618>@@AEAV<lambda_b721fa326cdb32351d23dfa67958c160>@@V<lambda_5e0fb27672408a07956fe59e48ccb2aa>@@@?$__crt_seh_guarded_call@H@@QEAAH$$QEAV<lambda_7a5ef57ff966f610505f1d28a3d40618>@@AEAV<lambda_b721fa326cdb32351d23dfa67958c160>@@$$QEAV<lambda_5e0fb27672408a07956fe59e48ccb2aa>@@@Z@4HA 00000001800518bc     libucrt:setvbuf.obj
 0004:000028c8       $pdata$ungetc$fin$0        00000001800518c8     libucrt:ungetc.obj
 0004:000028d4       $pdata$_query_new_handler$fin$0 00000001800518d4     libucrt:new_handler.obj
 0004:000028e0       $pdata$?fin$0@?0???$?RV<lambda_e24bbb7b643b32fcea6fa61b31d4c984>@@AEAV<lambda_275893d493268fdec8709772e3fcec0e>@@V<lambda_9d71df4d7cf3f480f8d633942495c3b0>@@@?$__crt_seh_guarded_call@H@@QEAAH$$QEAV<lambda_e24bbb7b643b32fcea6fa61b31d4c984>@@AEAV<lambda_275893d493268fdec8709772e3fcec0e>@@$$QEAV<lambda_9d71df4d7cf3f480f8d633942495c3b0>@@@Z@4HA 00000001800518e0     libucrt:onexit.obj
 0004:000028ec       $pdata$raise$fin$0         00000001800518ec     libucrt:signal.obj
 0004:000028f8       $pdata$?fin$0@?0???$?RV<lambda_5df02c53a8f32f81fd64e5bbb78039f1>@@AEAV<lambda_2af78c5f5901b1372d98f9ab3177dfa6>@@AEAV<lambda_f51fe5fd7c79a33db34fc9310f277369>@@@?$__crt_seh_guarded_call@X@@QEAAX$$QEAV<lambda_5df02c53a8f32f81fd64e5bbb78039f1>@@AEAV<lambda_2af78c5f5901b1372d98f9ab3177dfa6>@@AEAV<lambda_f51fe5fd7c79a33db34fc9310f277369>@@@Z@4HA 00000001800518f8     libucrt:wsetlocale.obj
 0004:00002904       $pdata$?fin$0@?0???$?RV<lambda_c36588078e9f5dfd39652860aa6b3aaf>@@AEAV<lambda_ec61778202f4f5fc7e7711acc23c3bca>@@V<lambda_dc9d2797ccde5d239b4a0efae8ebd7db>@@@?$__crt_seh_guarded_call@P6AXH@Z@@QEAAP6AXH@Z$$QEAV<lambda_c36588078e9f5dfd39652860aa6b3aaf>@@AEAV<lambda_ec61778202f4f5fc7e7711acc23c3bca>@@$$QEAV<lambda_dc9d2797ccde5d239b4a0efae8ebd7db>@@@Z@4HA 0000000180051904     libucrt:signal.obj
 0004:00002904       $pdata$?fin$0@?0???$?RV<lambda_d67e8342c384adda8f857579ab50b2ae>@@AEAV<lambda_30712929f77e709619002f448b6a9510>@@V<lambda_4525336fd7e478d965fb7ca7a337cad8>@@@?$__crt_seh_guarded_call@X@@QEAAX$$QEAV<lambda_d67e8342c384adda8f857579ab50b2ae>@@AEAV<lambda_30712929f77e709619002f448b6a9510>@@$$QEAV<lambda_4525336fd7e478d965fb7ca7a337cad8>@@@Z@4HA 0000000180051904     libucrt:wsetlocale.obj
 0004:00002904       $pdata$?fin$0@?0???$?RV<lambda_72d1df2b273a38828b1ce30cbf4cdab5>@@AEAV<lambda_876a65b173b8412d3a47c70a915b0cf4>@@V<lambda_41932305e351933ebe8f8be3ed8bb5dc>@@@?$__crt_seh_guarded_call@X@@QEAAX$$QEAV<lambda_72d1df2b273a38828b1ce30cbf4cdab5>@@AEAV<lambda_876a65b173b8412d3a47c70a915b0cf4>@@$$QEAV<lambda_41932305e351933ebe8f8be3ed8bb5dc>@@@Z@4HA 0000000180051904     libucrt:per_thread_data.obj
 0004:00002904       $pdata$?fin$0@?0???$?RV<lambda_630b2aca97f6d20d5b5ea6529ea6b6af>@@AEAV<lambda_af91936f1d075d609f72d9d8cba980af>@@V<lambda_e82fa975f615b5c7c7b0e4d178fdae67>@@@?$__crt_seh_guarded_call@H@@QEAAH$$QEAV<lambda_630b2aca97f6d20d5b5ea6529ea6b6af>@@AEAV<lambda_af91936f1d075d609f72d9d8cba980af>@@$$QEAV<lambda_e82fa975f615b5c7c7b0e4d178fdae67>@@@Z@4HA 0000000180051904     libucrt:winapi_thunks.obj
 0004:00002904       $pdata$?fin$0@?0???$?RV<lambda_5e887d1dcbef67a5eb4283622ba103bf>@@AEAV<lambda_4466841279450cc726390878d4a41900>@@V<lambda_341c25c0346d94847f1f3c463c57e077>@@@?$__crt_seh_guarded_call@X@@QEAAX$$QEAV<lambda_5e887d1dcbef67a5eb4283622ba103bf>@@AEAV<lambda_4466841279450cc726390878d4a41900>@@$$QEAV<lambda_341c25c0346d94847f1f3c463c57e077>@@@Z@4HA 0000000180051904     libucrt:per_thread_data.obj
 0004:00002904       $pdata$?fin$0@?0???$?RV<lambda_b8c45f8f788dd370798f47cfe8ac3a86>@@AEAV<lambda_4e60a939b0d047cfe11ddc22648dfba9>@@V<lambda_332c3edc96d0294ec56c57d38c1cdfd5>@@@?$__crt_seh_guarded_call@H@@QEAAH$$QEAV<lambda_b8c45f8f788dd370798f47cfe8ac3a86>@@AEAV<lambda_4e60a939b0d047cfe11ddc22648dfba9>@@$$QEAV<lambda_332c3edc96d0294ec56c57d38c1cdfd5>@@@Z@4HA 0000000180051904     libucrt:onexit.obj
 0004:00002904       $pdata$?fin$0@?0???$?RV<lambda_fb3a7dec4e47f37f22dae91bb15c9095>@@AEAV<lambda_698284760c8add0bfb0756c19673e34b>@@V<lambda_dfb8eca1e75fef3034a8fb18dd509707>@@@?$__crt_seh_guarded_call@X@@QEAAX$$QEAV<lambda_fb3a7dec4e47f37f22dae91bb15c9095>@@AEAV<lambda_698284760c8add0bfb0756c19673e34b>@@$$QEAV<lambda_dfb8eca1e75fef3034a8fb18dd509707>@@@Z@4HA 0000000180051904     libucrt:per_thread_data.obj
 0004:00002904       $pdata$?fin$0@?0???$?RV<lambda_99476a1ad63dd22509b5d3e65b0ffc95>@@AEAV<lambda_ad1ced32f4ac17aa236e5ef05d6b3b7c>@@V<lambda_f7424dd8d45958661754dc4f2697e9c3>@@@?$__crt_seh_guarded_call@X@@QEAAX$$QEAV<lambda_99476a1ad63dd22509b5d3e65b0ffc95>@@AEAV<lambda_ad1ced32f4ac17aa236e5ef05d6b3b7c>@@$$QEAV<lambda_f7424dd8d45958661754dc4f2697e9c3>@@@Z@4HA 0000000180051904     libucrt:mbctype.obj
 0004:00002904       $pdata$?fin$0@?0???$?RV<lambda_46352004c1216016012b18bd6f87e700>@@AEAV<lambda_3bd07e1a1191394380780325891bf33f>@@V<lambda_334532d3f185bcaa59b5be82d7d22bff>@@@?$__crt_seh_guarded_call@X@@QEAAX$$QEAV<lambda_46352004c1216016012b18bd6f87e700>@@AEAV<lambda_3bd07e1a1191394380780325891bf33f>@@$$QEAV<lambda_334532d3f185bcaa59b5be82d7d22bff>@@@Z@4HA 0000000180051904     libucrt:per_thread_data.obj
 0004:00002910       $pdata$__acrt_initialize_lowio$fin$0 0000000180051910     libucrt:ioinit.obj
 0004:00002910       $pdata$__acrt_lowio_ensure_fh_exists$fin$0 0000000180051910     libucrt:osfinfo.obj
 0004:0000291c       $pdata$_fcloseall$fin$0    000000018005191c     libucrt:closeall.obj
 0004:00002928       $pdata$?fin$0@?0???$?RV<lambda_bfedae4ebbf01fab1bb6dcc6a9e276e0>@@AEAV<lambda_2fe9b910cf3cbf4a0ab98a02ba45b3ec>@@V<lambda_237c231691f317818eb88cc1d5d642d6>@@@?$__crt_seh_guarded_call@H@@QEAAH$$QEAV<lambda_bfedae4ebbf01fab1bb6dcc6a9e276e0>@@AEAV<lambda_2fe9b910cf3cbf4a0ab98a02ba45b3ec>@@$$QEAV<lambda_237c231691f317818eb88cc1d5d642d6>@@@Z@4HA 0000000180051928     libucrt:close.obj
 0004:00002928       $pdata$?fin$0@?0???$?RV<lambda_b521505b218e5242e90febf6bfebc422>@@AEAV<lambda_6978c1fb23f02e42e1d9e99668cc68aa>@@V<lambda_314360699dd331753a4119843814e9a7>@@@?$__crt_seh_guarded_call@H@@QEAAH$$QEAV<lambda_b521505b218e5242e90febf6bfebc422>@@AEAV<lambda_6978c1fb23f02e42e1d9e99668cc68aa>@@$$QEAV<lambda_314360699dd331753a4119843814e9a7>@@@Z@4HA 0000000180051928     libucrt:commit.obj
 0004:00002934       $pdata$_write$fin$0        0000000180051934     libucrt:write.obj
 0004:00002934       $pdata$?fin$0@?0???$common_lseek@_J@@YA_JH_JH@Z@4HA 0000000180051934     libucrt:lseek.obj
 0004:00002934       $pdata$_read$fin$0         0000000180051934     libucrt:read.obj
 0004:00002940       $pdata$__acrt_update_thread_multibyte_data$fin$0 0000000180051940     libucrt:mbctype.obj
 0004:0000294c       $pdata$__acrt_update_thread_locale_data$fin$0 000000018005194c     libucrt:locale_refcounting.obj
 0004:0000294c       $pdata$__acrt_uninitialize_locale$fin$0 000000018005194c     libucrt:wsetlocale.obj
 0004:00002958       $pdata$_ctrlfp$filt$0      0000000180051958     libucrt:fpctrl.obj
 0004:00002958       $pdata$common_control87$filt$0 0000000180051958     libucrt:ieee.obj
 0004:00002964       $pdata$_IsNonwritableInCurrentImage$filt$0 0000000180051964     LIBCMT:pesect.obj
 0004:00002970       $pdata$??__F?constructor@VideoCaptureWrap@@2V?$Persistent@VFunctionTemplate@v8@@V?$NonCopyablePersistentTraits@VFunctionTemplate@v8@@@2@@Nan@@A@@YAXXZ 0000000180051970     VideoCaptureWrap.obj
 0004:0000297c       $pdata$??__F?constructor@CamScribbleWrap@@2V?$Persistent@VFunctionTemplate@v8@@V?$NonCopyablePersistentTraits@VFunctionTemplate@v8@@@2@@Nan@@A@@YAXXZ 000000018005197c     CamScribbleWrap.obj
 0004:00002988       $pdata$??__F?constructor@Matrix@@2V?$Persistent@VFunctionTemplate@v8@@V?$NonCopyablePersistentTraits@VFunctionTemplate@v8@@@2@@Nan@@A@@YAXXZ 0000000180051988     Matrix.obj
 0004:00002994       $pdata$??__F_Fac_tidy_reg@std@@YAXXZ 0000000180051994     libcpmt:locale0.obj
 0004:000029a0       $pdata$??__Fclassic_locale@std@@YAXXZ 00000001800519a0     libcpmt:locale0.obj
 0004:000029ac       $pdata$??__Fcout@std@@YAXXZ 00000001800519ac     libcpmt:cout.obj
 0004:000029b8       $pdata$??__Finit_atexit@@YAXXZ 00000001800519b8     libcpmt:iosptrs.obj
 0005:00000000       __guard_fids__             0000000180052000     libucrt:initialization.obj
 0005:00000060       __guard_fids___acrt_initialize_ptd 0000000180052060     libucrt:per_thread_data.obj
 0005:00000064       __guard_fids__             0000000180052064     libucrt:wsetlocale.obj
 0005:0000007c       __guard_fids___acrt_show_wide_message_box 000000018005207c     libucrt:crtmbox.obj
 0005:00000080       __guard_fids_??$?RV<lambda_630b2aca97f6d20d5b5ea6529ea6b6af>@@AEAV<lambda_af91936f1d075d609f72d9d8cba980af>@@V<lambda_e82fa975f615b5c7c7b0e4d178fdae67>@@@?$__crt_seh_guarded_call@H@@QEAAH$$QEAV<lambda_630b2aca97f6d20d5b5ea6529ea6b6af>@@AEAV<lambda_af91936f1d075d609f72d9d8cba980af>@@$$QEAV<lambda_e82fa975f615b5c7c7b0e4d178fdae67>@@@Z 0000000180052080     libucrt:winapi_thunks.obj
 0005:00000084       __guard_fids__             0000000180052084     libucrt:stdio_initializer.obj
 0005:00000088       __guard_fids__             0000000180052088     libucrt:stdio_initializer.obj
 0005:0000008c       __guard_fids_??$expand_argument_wildcards@D@@YAHQEAD0AEAV?$argument_list@D@?A0xca0879c4@@@Z 000000018005208c     libucrt:argv_wildcards.obj
 0005:00000090       __guard_fids__             0000000180052090     libucrt:locale_initializer.obj
 0005:00000094       __guard_fids_GetLocaleNameFromLangCountry 0000000180052094     libucrt:get_qualified_locale.obj
 0005:00000098       __guard_fids_GetLocaleNameFromLanguage 0000000180052098     libucrt:get_qualified_locale.obj
 0005:0000009c       __guard_fids___acrt_get_qualified_locale_downlevel 000000018005209c     libucrt:getqloc_downlevel.obj
 0005:000000a0       __guard_fids_GetLcidFromLangCountry 00000001800520a0     libucrt:getqloc_downlevel.obj
 0005:000000a4       __guard_fids_GetLcidFromLanguage 00000001800520a4     libucrt:getqloc_downlevel.obj
 0005:000000a8       __guard_fids__             00000001800520a8     libucrt:fma3_initializer.obj
 0005:000000ac       __guard_fids__             00000001800520ac     libucrt:timeset_initializer.obj
 0005:000000b0       __guard_fids__             00000001800520b0     libucrt:multibyte_initializer.obj
 0005:000000b4       __guard_fids__             00000001800520b4     libucrt:console_output_initializer.obj
 0005:000000b8       __guard_fids_??__Einitlocks@std@@YAXXZ 00000001800520b8     libcpmt:xlock.obj
 0005:000000bc       __guard_fids__             00000001800520bc     libcpmt:xlock.obj
 0005:000000c0       __guard_fids_??__E_Fac_tidy_reg@std@@YAXXZ 00000001800520c0     libcpmt:locale0.obj
 0005:000000c4       __guard_fids_?_Setgloballocale@locale@std@@CAXPEAX@Z 00000001800520c4     libcpmt:locale0.obj
 0005:000000c8       __guard_fids_??__Eclassic_locale@std@@YAXXZ 00000001800520c8     libcpmt:locale0.obj
 0005:000000cc       __guard_fids__             00000001800520cc     libcpmt:locale0.obj
 0005:000000d8       __guard_fids__             00000001800520d8     libcpmt:locale0.obj
 0005:000000e4       __guard_fids__             00000001800520e4     libcpmt:locale0.obj
 0005:000000f0       __guard_fids__             00000001800520f0     libcpmt:locale0.obj
 0005:000000f4       __guard_fids__             00000001800520f4     libcpmt:locale0.obj
 0005:000000f8       __guard_fids__             00000001800520f8     libcpmt:xthrow.obj
 0005:00000100       __guard_fids__             0000000180052100     libcpmt:xthrow.obj
 0005:00000108       __guard_fids__             0000000180052108     libcpmt:xthrow.obj
 0005:00000110       __guard_fids__             0000000180052110     libcpmt:xthrow.obj
 0005:00000118       __guard_fids__             0000000180052118     libcpmt:xthrow.obj
 0005:00000120       __guard_fids__             0000000180052120     libcpmt:xthrow.obj
 0005:00000128       __guard_fids_??__Einitlocks@@YAXXZ 0000000180052128     libcpmt:cout.obj
 0005:0000012c       __guard_fids_??__Efout@std@@YAXXZ 000000018005212c     libcpmt:cout.obj
 0005:00000130       __guard_fids_??__Ecout@std@@YAXXZ 0000000180052130     libcpmt:cout.obj
 0005:00000134       __guard_fids__             0000000180052134     libcpmt:cout.obj
 0005:0000013c       __guard_fids__             000000018005213c     libcpmt:cout.obj
 0005:00000148       __guard_fids__             0000000180052148     libcpmt:cout.obj
 0005:00000174       __guard_fids__             0000000180052174     libcpmt:cout.obj
 0005:0000018c       __guard_fids__             000000018005218c     libcpmt:cout.obj
 0005:00000194       __guard_fids__             0000000180052194     libcpmt:cout.obj
 0005:0000019c       __guard_fids__             000000018005219c     libcpmt:cout.obj
 0005:000001b4       __guard_fids__             00000001800521b4     libcpmt:cout.obj
 0005:000001cc       __guard_fids__             00000001800521cc     libcpmt:cout.obj
 0005:000001d4       __guard_fids__             00000001800521d4     libcpmt:cout.obj
 0005:000001d8       __guard_fids__             00000001800521d8     libcpmt:cout.obj
 0005:00000214       __guard_fids__             0000000180052214     libcpmt:cout.obj
 0005:00000250       __guard_fids__             0000000180052250     libcpmt:cout.obj
 0005:00000254       __guard_fids__             0000000180052254     libcpmt:cout.obj
 0005:00000258       __guard_fids__             0000000180052258     libcpmt:cout.obj
 0005:00000280       __guard_fids__             0000000180052280     libcpmt:cout.obj
 0005:00000284       __guard_fids__             0000000180052284     libcpmt:cout.obj
 0005:00000288       __guard_fids__             0000000180052288     libcpmt:cout.obj
 0005:0000028c       __guard_fids__             000000018005228c     libcpmt:cout.obj
 0005:00000290       __guard_fids_??__Einitlocks@std@@YAXXZ 0000000180052290     libcpmt:iosptrs.obj
 0005:00000294       __guard_fids_??__Einit_atexit@@YAXXZ 0000000180052294     libcpmt:iosptrs.obj
 0005:00000298       __guard_fids__             0000000180052298     libcpmt:iosptrs.obj
 0005:0000029c       __guard_fids__             000000018005229c     libcpmt:iosptrs.obj
 0005:000002a0       __guard_fids__             00000001800522a0     libcpmt:winapisupp.obj
 0005:000002a4       __guard_fids__             00000001800522a4     LIBCMT:thread_safe_statics.obj
 0005:000002a8       __guard_fids_?__scrt_initialize_thread_safe_statics@@YAHXZ 00000001800522a8     LIBCMT:thread_safe_statics.obj
 0005:000002ac       __guard_fids__             00000001800522ac     LIBCMT:std_type_info_static.obj
 0005:000002b0       __guard_fids_?dllmain_crt_process_attach@@YAHQEAUHINSTANCE__@@QEAX@Z 00000001800522b0     LIBCMT:dll_dllmain.obj
 0005:000002b8       __guard_fids_?dllmain_dispatch@@YAHQEAUHINSTANCE__@@KQEAX@Z 00000001800522b8     LIBCMT:dll_dllmain.obj
 0005:000002bc       __guard_fids__             00000001800522bc     LIBCMT:throw_bad_alloc.obj
 0005:000002c4       __guard_fids__             00000001800522c4     LIBCMT:guard_support.obj
 0005:000002c8       __guard_fids__             00000001800522c8     libvcruntime:frame.obj
 0005:000002cc       __guard_fids__             00000001800522cc     libvcruntime:frame.obj
 0005:000002d4       __guard_fids__UnwindNestedFrames 00000001800522d4     libvcruntime:trnsctrl.obj
 0005:000002d8       __guard_fids___vcrt_initialize_ptd 00000001800522d8     libvcruntime:per_thread_data.obj
 0007:00000060       $R000000                   0000000180054060     * linker generated manifest res *

 Exports

  ordinal    name

        1    _register_cam_scribble_
